
================ environment ================
clickhouse-py04l098fqjklgn5tl3rg62j	clickhouse/clickhouse-server:25.10.2.65	Up 3 hours (healthy)
coolify-proxy	traefik:v3.6	Up 3 hours (healthy)
livekit-redis-1	6ab0b6e73817	Up 3 hours (healthy)
qtjjo0zv081ny1wa5g0w3h2k	747f1f4078d7	Up 3 hours (healthy)
txbmap766d120pmf3du499em-150403508663	ghcr.io/tracewayapp/traceway:latest	Up 3 hours (healthy)
supabase-storage-tnei0fvhdnc2miem9yve10fw	supabase/storage-api:v1.44.2	Up 3 hours (healthy)
supabase-meta-tnei0fvhdnc2miem9yve10fw	supabase/postgres-meta:v0.95.2	Up 3 hours (healthy)
supabase-studio-tnei0fvhdnc2miem9yve10fw	supabase/studio:2026.03.16-sha-5528817	Up 3 hours (healthy)
realtime-dev-tnei0fvhdnc2miem9yve10fw	supabase/realtime:v2.76.5	Up 3 hours (healthy)
supabase-edge-functions-tnei0fvhdnc2miem9yve10fw	supabase/edge-runtime:v1.71.2	Up 3 hours (healthy)
supabase-auth-tnei0fvhdnc2miem9yve10fw	supabase/gotrue:v2.186.0	Up 3 hours (healthy)
supabase-supavisor-tnei0fvhdnc2miem9yve10fw	supabase/supavisor:2.7.4	Up 3 hours (healthy)
supabase-kong-tnei0fvhdnc2miem9yve10fw	kong/kong:3.9.1	Up 3 hours (healthy)
supabase-rest-tnei0fvhdnc2miem9yve10fw	postgrest/postgrest:v14.6	Up 3 hours
supabase-analytics-tnei0fvhdnc2miem9yve10fw	supabase/logflare:1.31.2	Up 3 hours (healthy)
supabase-db-tnei0fvhdnc2miem9yve10fw	supabase/postgres:15.8.1.085	Up 3 hours (healthy)
supabase-vector-tnei0fvhdnc2miem9yve10fw	timberio/vector:0.53.0-alpine	Up 3 hours (healthy)
supabase-minio-tnei0fvhdnc2miem9yve10fw	ghcr.io/coollabsio/minio:RELEASE.2025-10-15T17-29-55Z	Up 3 hours (healthy)
imgproxy-tnei0fvhdnc2miem9yve10fw	darthsim/imgproxy:v3.30.1	Up 3 hours (healthy)
coolify	ghcr.io/coollabsio/coolify:4.1.2	Up 3 hours (healthy)
coolify-db	postgres:15-alpine	Up 3 hours (healthy)
coolify-redis	6ab0b6e73817	Up 3 hours (healthy)
coolify-realtime	ghcr.io/coollabsio/coolify-realtime:1.0.16	Up 3 hours (healthy)

## Load generator
vegeta:    Version: v12.13.0
oha:       oha 1.15.0
iperf3:    iperf 3.16 (cJSON 1.7.15)

==> wrote /root/suprnova-bench/suprnova/bench/results/20260801T112357Z-env/env.txt

================ 1.1 slowloris ================
opened 16 stalled connections to 127.0.0.1:18080
  t=  29.6s  1/16 still open
  t=  35.0s  0/16 still open

PASS - server closed all 16 stalled connections (first at 29.6s). The header-read timeout is armed.
EXIT_1_1=0

================ 1.4 sigterm drain ================
==> results: /root/suprnova-bench/suprnova/bench/results/phase1/sigterm
==> enqueueing a 20s job
==> starting one queue:work container
==> worker container: a42af3a9e362
==> docker stop (SIGTERM, 40s grace)
experiment: 1.4-sigterm-drain
job_seconds: 20
signal_after_s: 5
grace_s: 40
exit_code: 0
exit_latency_s: 15.13
job_finished: yes
disposition: handler ran and the process exited cleanly
result: PASS — job completed, exited 0 after 15.13s
EXIT_1_4=0

================ 1.5 claim exclusivity ================
==> results: /root/suprnova-bench/suprnova/bench/results/phase1/claim
==> clearing bench_job_runs
==> enqueueing 5000 jobs
==> starting 16 workers
==> waiting for the queue to drain (deadline 300s)
experiment: 1.5-claim-exclusivity
jobs: 5000
workers: 16
drained: yes
drain_seconds: 2.60
failed_jobs: 0
==> per-worker distribution:
469811ffb3f6|1329
b0388c4f4f6a|1121
5d0f17d5977e|928
784c93596772|691
3a9cdd32190c|491
d01148bc0782|318
df831d5f2a41|122
 Container suprnova-bench-cache-1 Running 
 Container suprnova-bench-db-1 Running 
 Container suprnova-bench-cache-1 Waiting 
 Container suprnova-bench-db-1 Waiting 
 Container suprnova-bench-db-1 Healthy 
 Container suprnova-bench-cache-1 Healthy 
 Container suprnova-bench-console-run-6c7950301de4 Creating 
 Container suprnova-bench-console-run-6c7950301de4 Created 
bench_job_runs: total=5000 distinct=5000 expected=5000
PASS: 5000 jobs, each executed exactly once
result: PASS — 5000 jobs across 16 workers, each executed exactly once
EXIT_1_5=0

================ 1.3 queue crash ================
==> results: /root/suprnova-bench/suprnova/bench/results/phase1/crash
==> clearing jobs and failed_jobs
==> enqueueing one BenchAbort job
==> job id: 3b18e2ab-be67-4f9f-aefc-50581b5aa020
==> round 1/5 — starting a worker (visibility timeout 10s)
    worker exited 139
    attempts=0 still_queued=yes failed_jobs=0
==> round 2/5 — starting a worker (visibility timeout 10s)
    worker exited 139
    attempts=1 still_queued=yes failed_jobs=0
==> round 3/5 — starting a worker (visibility timeout 10s)
    worker exited 139
    attempts=2 still_queued=yes failed_jobs=0
==> round 4/5 — starting a worker (visibility timeout 10s)
    worker survived 60s — the job did not kill it
    attempts=- still_queued=no failed_jobs=1
    job left the queue after 4 round(s)
experiment: 1.3-queue-crash
visibility_timeout_s: 10
rounds: 5
final_attempts: -
final_failed_jobs: 1
==> per-round:
round	worker_exit	attempts	still_queued	failed_jobs
1	139	0	yes	0
2	139	1	yes	0
3	139	2	yes	0
4	timeout	-	no	1
result: PASS — the job dead-lettered after repeated worker loss
EXIT_1_3=0

================ 1.2 scheduler replicas ================
==> results: /root/suprnova-bench/suprnova/bench/results/phase1/scheduler
==> clearing bench_scheduler_ticks
==> starting 3 schedule:work replicas
==> observing for 4 minutes
    minute 1/4 — 4 ticks recorded
    minute 2/4 — 8 ticks recorded
    minute 3/4 — 12 ticks recorded
    minute 4/4 — 16 ticks recorded
experiment: 1.2-scheduler-replicas
replicas: 3
window_minutes: 4
==> per-minute (task | tick_minute | runs | distinct instances):
bench:tick-one-server|2026-08-01T11:27|1|1
bench:tick-one-server|2026-08-01T11:28|1|1
bench:tick-one-server|2026-08-01T11:29|1|1
bench:tick-one-server|2026-08-01T11:30|1|1
bench:tick-plain|2026-08-01T11:27|3|3
bench:tick-plain|2026-08-01T11:28|3|3
bench:tick-plain|2026-08-01T11:29|3|3
bench:tick-plain|2026-08-01T11:30|3|3
 Container suprnova-bench-cache-1 Running 
 Container suprnova-bench-db-1 Running 
 Container suprnova-bench-db-1 Waiting 
 Container suprnova-bench-cache-1 Waiting 
 Container suprnova-bench-cache-1 Healthy 
 Container suprnova-bench-db-1 Healthy 
 Container suprnova-bench-console-run-900c969e5b3e Creating 
 Container suprnova-bench-console-run-900c969e5b3e Created 
  task                   tick              runs  instances
  bench:tick-one-server  2026-08-01T11:27     1          1 (boundary)
  bench:tick-one-server  2026-08-01T11:28     1          1
  bench:tick-one-server  2026-08-01T11:29     1          1
  bench:tick-one-server  2026-08-01T11:30     1          1 (boundary)
  bench:tick-plain       2026-08-01T11:27     3          3 (boundary)
  bench:tick-plain       2026-08-01T11:28     3          3
  bench:tick-plain       2026-08-01T11:29     3          3
  bench:tick-plain       2026-08-01T11:30     3          3 (boundary)
PASS: on_one_server() fired exactly once per tick while the uncoordinated control arm fired on all 3 replicas
result: PASS — on_one_server() fired once per tick across 3 replicas, with the uncoordinated control arm firing on all of them
EXIT_1_2=0

================ done ================
