   Compiling sqlx-core v0.9.0
   Compiling tokio-rustls v0.26.4
   Compiling hyper-rustls v0.27.9
   Compiling tonic v0.12.3
   Compiling lettre v0.11.22
   Compiling sqlx-mysql v0.9.0
   Compiling sqlx-postgres v0.9.0
   Compiling sqlx-sqlite v0.9.0
   Compiling reqwest v0.12.28
   Compiling reqwest v0.13.4
   Compiling apple v0.3.1 (https://github.com/eas4ai/suprnova-apple-rs.git?tag=v0.3.1#bc969e97)
   Compiling qdrant-client v1.18.0
   Compiling suprnova-web-push v2.1.0 (/home/shawn/workspace2/suprnova/crates/suprnova-web-push)
   Compiling sqlx v0.9.0
   Compiling sea-query-sqlx v0.9.1
   Compiling sea-schema v0.18.1
   Compiling sea-orm v2.0.2
   Compiling suprnova-magnetar v2.1.0 (/home/shawn/workspace2/suprnova/crates/suprnova-magnetar)
   Compiling sea-orm-migration v2.0.2
   Compiling suprnova v2.1.0 (/home/shawn/workspace2/suprnova/framework)
    Finished `test` profile [unoptimized + debuginfo] target(s) in 6.64s
────────────
 Nextest run ID fe34c334-8d4b-483d-a943-80146b47483f with nextest profile: default
    Starting 10 tests across 1 binary
────────────
     Summary [   0.039s] 10 tests run: 10 passed, 0 skipped
