   Compiling tokio v1.53.1
   Compiling ring v0.17.14
   Compiling dialoguer v0.12.0
   Compiling rustls v0.23.45
   Compiling tokio-util v0.7.18
   Compiling tokio-stream v0.1.18
   Compiling tower v0.5.3
   Compiling opendal-core v0.58.0 (https://github.com/eas4ai/opendal.git?rev=88717391eb72c9839d3f8e79fccad9f22fc3a1b4#88717391)
   Compiling aws-smithy-async v1.2.14
   Compiling sea-streamer-runtime v0.5.0
   Compiling sea-orm-cli v2.0.2
   Compiling backon v1.6.0
   Compiling reqsign-file-read-tokio v3.0.2 (https://github.com/apache/opendal-reqsign.git?rev=b49cd2996b9d2d9944e84481f8835ff55b188b97#b49cd299)
   Compiling tokio-tungstenite v0.29.0
   Compiling sea-streamer-stdio v0.5.0
   Compiling h2 v0.4.16
   Compiling combine v4.6.7
   Compiling tower v0.4.13
   Compiling rustls-webpki v0.103.15
   Compiling aws-smithy-runtime-api v1.12.1
   Compiling tower-http v0.6.11
   Compiling axum v0.7.9
   Compiling jsonwebtoken v9.3.1
   Compiling opendal-layer-observe-metrics-common v0.58.0 (https://github.com/eas4ai/opendal.git?rev=88717391eb72c9839d3f8e79fccad9f22fc3a1b4#88717391)
   Compiling opendal-layer-timeout v0.58.0 (https://github.com/eas4ai/opendal.git?rev=88717391eb72c9839d3f8e79fccad9f22fc3a1b4#88717391)
   Compiling opendal-layer-logging v0.58.0 (https://github.com/eas4ai/opendal.git?rev=88717391eb72c9839d3f8e79fccad9f22fc3a1b4#88717391)
   Compiling opendal-service-fs v0.58.0 (https://github.com/eas4ai/opendal.git?rev=88717391eb72c9839d3f8e79fccad9f22fc3a1b4#88717391)
   Compiling opendal-service-s3 v0.58.0 (https://github.com/eas4ai/opendal.git?rev=88717391eb72c9839d3f8e79fccad9f22fc3a1b4#88717391)
   Compiling opendal-layer-tracing v0.58.0 (https://github.com/eas4ai/opendal.git?rev=88717391eb72c9839d3f8e79fccad9f22fc3a1b4#88717391)
   Compiling opendal-layer-retry v0.58.0 (https://github.com/eas4ai/opendal.git?rev=88717391eb72c9839d3f8e79fccad9f22fc3a1b4#88717391)
   Compiling aws-credential-types v1.2.14
   Compiling aws-smithy-http v0.63.6
   Compiling opendal-layer-prometheus-client v0.58.0 (https://github.com/eas4ai/opendal.git?rev=88717391eb72c9839d3f8e79fccad9f22fc3a1b4#88717391)
   Compiling redis v0.25.5
   Compiling redis v1.2.1
   Compiling aws-sigv4 v1.4.4
   Compiling sqlx-core v0.9.0
   Compiling tokio-rustls v0.26.4
   Compiling rustls-platform-verifier v0.7.0
   Compiling opendal v0.58.0 (https://github.com/eas4ai/opendal.git?rev=88717391eb72c9839d3f8e79fccad9f22fc3a1b4#88717391)
   Compiling hyper v1.9.0
   Compiling lettre v0.11.22
   Compiling sea-streamer-redis v0.5.2
   Compiling hyper-util v0.1.20
   Compiling sqlx-sqlite v0.9.0
   Compiling sqlx-postgres v0.9.0
   Compiling sqlx-mysql v0.9.0
   Compiling sea-streamer-socket v0.5.2
   Compiling hyper-rustls v0.27.9
   Compiling hyper-timeout v0.5.2
   Compiling hyper-tungstenite v0.20.0
   Compiling sqlx v0.9.0
   Compiling sea-streamer v0.5.0
   Compiling tonic v0.12.3
   Compiling reqwest v0.12.28
   Compiling reqwest v0.13.4
   Compiling sea-query-sqlx v0.9.1
   Compiling sea-schema v0.18.1
   Compiling apple v0.3.1 (https://github.com/eas4ai/suprnova-apple-rs.git?tag=v0.3.1#bc969e97)
   Compiling qdrant-client v1.18.0
   Compiling suprnova-web-push v2.1.0 (/home/shawn/workspace2/suprnova/crates/suprnova-web-push)
   Compiling sea-orm v2.0.2
   Compiling sea-orm-migration v2.0.2
   Compiling suprnova-magnetar v2.1.0 (/home/shawn/workspace2/suprnova/crates/suprnova-magnetar)
   Compiling suprnova-cli v2.1.0 (/home/shawn/workspace2/suprnova/suprnova-cli)
   Compiling suprnova v2.1.0 (/home/shawn/workspace2/suprnova/framework)
    Finished `test` profile [unoptimized + debuginfo] target(s) in 1m 08s
────────────
 Nextest run ID d3898a6d-6f03-441c-90c9-4d57ed9af668 with nextest profile: default
    Starting 10 tests across 1 binary
────────────
     Summary [   0.014s] 10 tests run: 10 passed, 0 skipped
