   Compiling tokio v1.53.1
   Compiling suprnova-live v2.0.2 (/home/shawn/workspace2/suprnova/crates/suprnova-live)
   Compiling tokio-util v0.7.18
   Compiling opendal-core v0.58.0 (https://github.com/eas4ai/opendal.git?rev=88717391eb72c9839d3f8e79fccad9f22fc3a1b4#88717391)
   Compiling tokio-rustls v0.26.4
   Compiling tower v0.5.3
   Compiling sea-streamer-runtime v0.5.0
   Compiling aws-smithy-async v1.2.14
   Compiling backon v1.6.0
   Compiling reqsign-file-read-tokio v3.0.2 (https://github.com/apache/opendal-reqsign.git?rev=b49cd2996b9d2d9944e84481f8835ff55b188b97#b49cd299)
   Compiling tokio-tungstenite v0.29.0
   Compiling sea-orm-cli v2.0.2
   Compiling sea-streamer-stdio v0.5.0
   Compiling tower-http v0.6.11
   Compiling aws-smithy-runtime-api v1.12.1
   Compiling axum v0.7.9
   Compiling h2 v0.4.16
   Compiling tokio-stream v0.1.18
   Compiling combine v4.6.7
   Compiling tower v0.4.13
   Compiling lettre v0.11.22
   Compiling sqlx-core v0.9.0
   Compiling opendal-layer-observe-metrics-common v0.58.0 (https://github.com/eas4ai/opendal.git?rev=88717391eb72c9839d3f8e79fccad9f22fc3a1b4#88717391)
   Compiling opendal-service-fs v0.58.0 (https://github.com/eas4ai/opendal.git?rev=88717391eb72c9839d3f8e79fccad9f22fc3a1b4#88717391)
   Compiling aws-smithy-http v0.63.6
   Compiling aws-credential-types v1.2.14
   Compiling opendal-layer-retry v0.58.0 (https://github.com/eas4ai/opendal.git?rev=88717391eb72c9839d3f8e79fccad9f22fc3a1b4#88717391)
   Compiling opendal-layer-timeout v0.58.0 (https://github.com/eas4ai/opendal.git?rev=88717391eb72c9839d3f8e79fccad9f22fc3a1b4#88717391)
   Compiling opendal-service-s3 v0.58.0 (https://github.com/eas4ai/opendal.git?rev=88717391eb72c9839d3f8e79fccad9f22fc3a1b4#88717391)
   Compiling hyper v1.9.0
   Compiling redis v0.25.5
   Compiling opendal-layer-prometheus-client v0.58.0 (https://github.com/eas4ai/opendal.git?rev=88717391eb72c9839d3f8e79fccad9f22fc3a1b4#88717391)
   Compiling opendal-layer-tracing v0.58.0 (https://github.com/eas4ai/opendal.git?rev=88717391eb72c9839d3f8e79fccad9f22fc3a1b4#88717391)
   Compiling opendal-layer-logging v0.58.0 (https://github.com/eas4ai/opendal.git?rev=88717391eb72c9839d3f8e79fccad9f22fc3a1b4#88717391)
   Compiling sqlx-mysql v0.9.0
   Compiling sqlx-sqlite v0.9.0
   Compiling sqlx-postgres v0.9.0
   Compiling aws-sigv4 v1.4.4
   Compiling redis v1.2.1
   Compiling hyper-util v0.1.20
   Compiling opendal v0.58.0 (https://github.com/eas4ai/opendal.git?rev=88717391eb72c9839d3f8e79fccad9f22fc3a1b4#88717391)
   Compiling sea-streamer-redis v0.5.2
   Compiling sqlx v0.9.0
   Compiling sea-streamer-socket v0.5.2
   Compiling hyper-rustls v0.27.9
   Compiling hyper-timeout v0.5.2
   Compiling hyper-tungstenite v0.20.0
   Compiling sea-query-sqlx v0.9.1
   Compiling reqwest v0.12.28
   Compiling reqwest v0.13.4
   Compiling tonic v0.12.3
   Compiling sea-streamer v0.5.0
   Compiling sea-schema v0.18.1
   Compiling apple v0.3.1 (https://github.com/eas4ai/suprnova-apple-rs.git?tag=v0.3.1#bc969e97)
   Compiling suprnova-web-push v2.0.2 (/home/shawn/workspace2/suprnova/crates/suprnova-web-push)
   Compiling qdrant-client v1.18.0
   Compiling sea-orm v2.0.2
   Compiling suprnova-magnetar v2.0.2 (/home/shawn/workspace2/suprnova/crates/suprnova-magnetar)
   Compiling sea-orm-migration v2.0.2
   Compiling suprnova v2.0.2 (/home/shawn/workspace2/suprnova/framework)
   Compiling app v2.0.2 (/home/shawn/workspace2/suprnova/app)
    Finished `test` profile [unoptimized + debuginfo] target(s) in 1m 24s
────────────
 Nextest run ID 926dd0e1-88de-48cd-beb2-53937cc0c687 with nextest profile: default
    Starting 19 tests across 1 binary
────────────
     Summary [   0.162s] 19 tests run: 19 passed, 0 skipped
   Compiling suprnova-live-test-support v2.0.2 (/home/shawn/workspace2/suprnova/crates/suprnova-live/crates/suprnova-live-test-support)
   Compiling suprnova v2.0.2 (/home/shawn/workspace2/suprnova/framework)
    Finished `test` profile [unoptimized + debuginfo] target(s) in 10.04s
────────────
 Nextest run ID 516c6e53-c649-4d60-a615-045d643cad5b with nextest profile: default
    Starting 1 test across 1 binary (112 tests skipped)
────────────
     Summary [   0.008s] 1 test run: 1 passed, 112 skipped
