    Finished `test` profile [unoptimized + debuginfo] target(s) in 1.27s
────────────
 Nextest run ID 70331308-1d1c-4800-8ce2-a3416a8b0836 with nextest profile: default
    Starting 19 tests across 1 binary
────────────
     Summary [   0.160s] 19 tests run: 19 passed, 0 skipped
   Compiling sqlx-core v0.9.0
   Compiling tokio-rustls v0.26.4
   Compiling suprnova-live-test-support v2.0.2 (/home/shawn/workspace2/suprnova/crates/suprnova-live/crates/suprnova-live-test-support)
   Compiling hyper-rustls v0.27.9
   Compiling tonic v0.12.3
   Compiling lettre v0.11.22
   Compiling sqlx-mysql v0.9.0
   Compiling sqlx-postgres v0.9.0
   Compiling sqlx-sqlite v0.9.0
   Compiling reqwest v0.12.28
   Compiling reqwest v0.13.4
   Compiling sqlx v0.9.0
   Compiling apple v0.3.1 (https://github.com/eas4ai/suprnova-apple-rs.git?tag=v0.3.1#bc969e97)
   Compiling qdrant-client v1.18.0
   Compiling suprnova-web-push v2.0.2 (/home/shawn/workspace2/suprnova/crates/suprnova-web-push)
   Compiling sea-query-sqlx v0.9.1
   Compiling sea-schema v0.18.1
   Compiling sea-orm v2.0.2
   Compiling sea-orm-migration v2.0.2
   Compiling suprnova-magnetar v2.0.2 (/home/shawn/workspace2/suprnova/crates/suprnova-magnetar)
   Compiling suprnova v2.0.2 (/home/shawn/workspace2/suprnova/framework)
    Finished `test` profile [unoptimized + debuginfo] target(s) in 11.35s
────────────
 Nextest run ID 4e5efad1-e0d2-48bc-861d-c9e11ffaeb15 with nextest profile: default
    Starting 1 test across 1 binary (112 tests skipped)
────────────
     Summary [   0.005s] 1 test run: 1 passed, 112 skipped
