    Checking suprnova-live v2.1.0 (/home/shawn/workspace2/suprnova/crates/suprnova-live)
   Compiling suprnova-macros v2.1.0 (/home/shawn/workspace2/suprnova/suprnova-macros)
    Checking suprnova-magnetar v2.1.0 (/home/shawn/workspace2/suprnova/crates/suprnova-magnetar)
    Checking suprnova-web-push v2.1.0 (/home/shawn/workspace2/suprnova/crates/suprnova-web-push)
    Checking suprnova-live-test-support v2.1.0 (/home/shawn/workspace2/suprnova/crates/suprnova-live/crates/suprnova-live-test-support)
    Checking suprnova-live-macro-fixture v2.1.0 (/home/shawn/workspace2/suprnova/crates/suprnova-live/crates/suprnova-live-macro-fixture)
    Checking suprnova v2.1.0 (/home/shawn/workspace2/suprnova/framework)
    Finished `dev` profile [unoptimized + debuginfo] target(s) in 42.41s
    Checking suprnova-live v2.1.0 (/home/shawn/workspace2/suprnova/crates/suprnova-live)
   Compiling suprnova-macros v2.1.0 (/home/shawn/workspace2/suprnova/suprnova-macros)
    Checking suprnova-magnetar v2.1.0 (/home/shawn/workspace2/suprnova/crates/suprnova-magnetar)
    Checking suprnova-web-push v2.1.0 (/home/shawn/workspace2/suprnova/crates/suprnova-web-push)
    Checking suprnova-live-test-support v2.1.0 (/home/shawn/workspace2/suprnova/crates/suprnova-live/crates/suprnova-live-test-support)
    Checking suprnova-live-macro-fixture v2.1.0 (/home/shawn/workspace2/suprnova/crates/suprnova-live/crates/suprnova-live-macro-fixture)
    Checking suprnova v2.1.0 (/home/shawn/workspace2/suprnova/framework)

thread 'rustc' (176473) panicked at /rust/deps/indexmap-2.14.0/src/inner.rs:46:35:
index out of bounds: the len is 215 but the index is 4296582391
stack backtrace:
   0:     0x71d293ee12a6 - <<std[6c98fd8553dbae28]::sys::backtrace::BacktraceLock>::print::DisplayBacktrace as core[c0acaeba6ab4c2e0]::fmt::Display>::fmt
   1:     0x71d29460ecc8 - core[c0acaeba6ab4c2e0]::fmt::write
   2:     0x71d2959d672c - <std[6c98fd8553dbae28]::sys::stdio::unix::Stderr as std[6c98fd8553dbae28]::io::Write>::write_fmt
   3:     0x71d293eb56fa - std[6c98fd8553dbae28]::panicking::default_hook::{closure#0}
   4:     0x71d293ed3a03 - std[6c98fd8553dbae28]::panicking::default_hook
   5:     0x71d292ebb818 - std[6c98fd8553dbae28]::panicking::update_hook::<alloc[12e961f32105355]::boxed::Box<rustc_driver_impl[7c7a30f131ac6633]::install_ice_hook::{closure#1}>>::{closure#0}
   6:     0x71d293ed3ea2 - std[6c98fd8553dbae28]::panicking::panic_with_hook
   7:     0x71d293eb57b2 - std[6c98fd8553dbae28]::panicking::panic_handler::{closure#0}
   8:     0x71d293ea9c89 - std[6c98fd8553dbae28]::sys::backtrace::__rust_end_short_backtrace::<std[6c98fd8553dbae28]::panicking::panic_handler::{closure#0}, !>
   9:     0x71d293eb711d - __rustc[100742bb89c490cb]::rust_begin_unwind
  10:     0x71d29102b02c - core[c0acaeba6ab4c2e0]::panicking::panic_fmt
  11:     0x71d290d1b929 - core[c0acaeba6ab4c2e0]::panicking::panic_bounds_check
  12:     0x71d2946e3c3b - <rustc_trait_selection[ffd24eea91be225b]::traits::select::SelectionContext>::evaluate_predicate_recursively
  13:     0x71d2946e55a0 - <rustc_trait_selection[ffd24eea91be225b]::traits::select::SelectionContext>::evaluate_trait_predicate_recursively
  14:     0x71d2946e2669 - <rustc_trait_selection[ffd24eea91be225b]::traits::select::SelectionContext>::evaluate_predicate_recursively
  15:     0x71d2946e55a0 - <rustc_trait_selection[ffd24eea91be225b]::traits::select::SelectionContext>::evaluate_trait_predicate_recursively
  16:     0x71d2946e2669 - <rustc_trait_selection[ffd24eea91be225b]::traits::select::SelectionContext>::evaluate_predicate_recursively
  17:     0x71d2946e55a0 - <rustc_trait_selection[ffd24eea91be225b]::traits::select::SelectionContext>::evaluate_trait_predicate_recursively
  18:     0x71d2946e2669 - <rustc_trait_selection[ffd24eea91be225b]::traits::select::SelectionContext>::evaluate_predicate_recursively
  19:     0x71d2946e55a0 - <rustc_trait_selection[ffd24eea91be225b]::traits::select::SelectionContext>::evaluate_trait_predicate_recursively
  20:     0x71d2946e2669 - <rustc_trait_selection[ffd24eea91be225b]::traits::select::SelectionContext>::evaluate_predicate_recursively
  21:     0x71d2946e55a0 - <rustc_trait_selection[ffd24eea91be225b]::traits::select::SelectionContext>::evaluate_trait_predicate_recursively
  22:     0x71d2946e2669 - <rustc_trait_selection[ffd24eea91be225b]::traits::select::SelectionContext>::evaluate_predicate_recursively
  23:     0x71d2946e55a0 - <rustc_trait_selection[ffd24eea91be225b]::traits::select::SelectionContext>::evaluate_trait_predicate_recursively
  24:     0x71d2946c8db7 - <rustc_trait_selection[ffd24eea91be225b]::traits::select::SelectionContext>::evaluate_root_obligation
  25:     0x71d2946c6f5c - rustc_traits[3b035e1a2950e6db]::evaluate_obligation::evaluate_obligation
  26:     0x71d2946c6827 - rustc_query_impl[93753e9a5b789b34]::query_impl::evaluate_obligation::invoke_provider_fn::__rust_begin_short_backtrace
  27:     0x71d2949c118e - rustc_query_impl[93753e9a5b789b34]::execution::try_execute_query::<rustc_middle[1df509376204f648]::query::caches::DefaultCache<rustc_type_ir[772caa9f495d950]::canonical::CanonicalQueryInput<rustc_middle[1df509376204f648]::ty::context::TyCtxt, rustc_middle[1df509376204f648]::ty::ParamEnvAnd<rustc_middle[1df509376204f648]::ty::predicate::Predicate>>, rustc_middle[1df509376204f648]::query::erase::ErasedData<[u8; 2usize]>>, false>
  28:     0x71d2949c0dd7 - rustc_query_impl[93753e9a5b789b34]::query_impl::evaluate_obligation::execute_query_non_incr::__rust_end_short_backtrace
  29:     0x71d294d1091b - <rustc_trait_selection[ffd24eea91be225b]::traits::fulfill::FulfillProcessor as rustc_data_structures[c038d4a67d5123e]::obligation_forest::ObligationProcessor>::process_obligation
  30:     0x71d294605b11 - <rustc_data_structures[c038d4a67d5123e]::obligation_forest::ObligationForest<rustc_trait_selection[ffd24eea91be225b]::traits::fulfill::PendingPredicateObligation>>::process_obligations::<rustc_trait_selection[ffd24eea91be225b]::traits::fulfill::FulfillProcessor>
  31:     0x71d294ef37f9 - rustc_hir_analysis[74d8a0f2b982b1de]::check::check::check_coroutine_obligations
  32:     0x71d294ef3159 - rustc_query_impl[93753e9a5b789b34]::query_impl::check_coroutine_obligations::invoke_provider_fn::__rust_begin_short_backtrace
  33:     0x71d2953500f1 - rustc_query_impl[93753e9a5b789b34]::execution::try_execute_query::<rustc_data_structures[c038d4a67d5123e]::vec_cache::VecCache<rustc_span[b8203aa248aaa837]::def_id::LocalDefId, rustc_middle[1df509376204f648]::query::erase::ErasedData<[u8; 1usize]>, rustc_middle[1df509376204f648]::dep_graph::graph::DepNodeIndex>, false>
  34:     0x71d29532fe76 - rustc_query_impl[93753e9a5b789b34]::query_impl::check_coroutine_obligations::execute_query_non_incr::__rust_end_short_backtrace
  35:     0x71d29532fff6 - rustc_borrowck[189abb21281cf09b]::mir_borrowck
  36:     0x71d29532fea5 - rustc_query_impl[93753e9a5b789b34]::query_impl::mir_borrowck::invoke_provider_fn::__rust_begin_short_backtrace
  37:     0x71d294a63069 - rustc_query_impl[93753e9a5b789b34]::execution::try_execute_query::<rustc_data_structures[c038d4a67d5123e]::vec_cache::VecCache<rustc_span[b8203aa248aaa837]::def_id::LocalDefId, rustc_middle[1df509376204f648]::query::erase::ErasedData<[u8; 8usize]>, rustc_middle[1df509376204f648]::dep_graph::graph::DepNodeIndex>, false>
  38:     0x71d294a64c97 - rustc_query_impl[93753e9a5b789b34]::query_impl::mir_borrowck::execute_query_non_incr::__rust_end_short_backtrace
  39:     0x71d294a64e8a - <rustc_middle[1df509376204f648]::ty::context::TyCtxt>::par_hir_body_owners::<rustc_interface[f52ff661d028375d]::passes::run_required_analyses::{closure#2}::{closure#0}>::{closure#0}
  40:     0x71d294a641ff - rustc_interface[f52ff661d028375d]::passes::analysis
  41:     0x71d2957252c7 - rustc_query_impl[93753e9a5b789b34]::execution::try_execute_query::<rustc_middle[1df509376204f648]::query::caches::SingleCache<rustc_middle[1df509376204f648]::query::erase::ErasedData<[u8; 0usize]>>, false>
  42:     0x71d295724fa9 - rustc_query_impl[93753e9a5b789b34]::query_impl::analysis::execute_query_non_incr::__rust_end_short_backtrace
  43:     0x71d295750ac2 - rustc_interface[f52ff661d028375d]::interface::run_compiler::<(), rustc_driver_impl[7c7a30f131ac6633]::run_compiler::{closure#0}>::{closure#1}
  44:     0x71d2957c4e7a - std[6c98fd8553dbae28]::sys::backtrace::__rust_begin_short_backtrace::<rustc_interface[f52ff661d028375d]::util::run_in_thread_with_globals<rustc_interface[f52ff661d028375d]::util::run_in_thread_pool_with_globals<rustc_interface[f52ff661d028375d]::interface::run_compiler<(), rustc_driver_impl[7c7a30f131ac6633]::run_compiler::{closure#0}>::{closure#1}, ()>::{closure#0}, ()>::{closure#0}::{closure#0}, ()>
  45:     0x71d2957c4c2d - <std[6c98fd8553dbae28]::thread::lifecycle::spawn_unchecked<rustc_interface[f52ff661d028375d]::util::run_in_thread_with_globals<rustc_interface[f52ff661d028375d]::util::run_in_thread_pool_with_globals<rustc_interface[f52ff661d028375d]::interface::run_compiler<(), rustc_driver_impl[7c7a30f131ac6633]::run_compiler::{closure#0}>::{closure#1}, ()>::{closure#0}, ()>::{closure#0}::{closure#0}, ()>::{closure#1} as core[c0acaeba6ab4c2e0]::ops::function::FnOnce<()>>::call_once::{shim:vtable#0}
  46:     0x71d2957c2a0e - <std[6c98fd8553dbae28]::sys::thread::unix::Thread>::new::thread_start
  47:     0x71d28f0a3dfa - start_thread
                               at ./nptl/pthread_create.c:454:8
  48:     0x71d28f1375cc - __GI___clone3
                               at ./misc/../sysdeps/unix/sysv/linux/x86_64/clone3.S:78:0
  49:                0x0 - <unknown>

error: the compiler unexpectedly panicked. This is a bug

note: we would appreciate a bug report: https://github.com/rust-lang/rust-clippy/issues/new?template=ice.yml

note: rustc 1.98.1 (48a229cea 2026-09-01) running on x86_64-unknown-linux-gnu

note: compiler flags: --crate-type lib -C embed-bitcode=no -C debuginfo=line-tables-only -C split-debuginfo=unpacked -C link-arg=-Wl,--threads=12 -C link-arg=-fuse-ld=lld

note: some of the compiler flags provided by cargo are hidden

query stack during panic:
#0 [evaluate_obligation] evaluating trait selection obligation `sea_query::table::column::ColumnType: core::marker::Send`
#1 [check_coroutine_obligations] verify auto trait bounds for coroutine interior type `auth_flows::two_factor::migration_replay::<impl at framework/src/auth_flows/two_factor/migration_replay.rs:30:1: 30:34>::up`
... and 2 other queries... use `env RUST_BACKTRACE=1` to see the full query stack
note: Clippy version: clippy 0.1.98 (48a229ceae 2026-09-01)

error: could not compile `suprnova` (lib)

Caused by:
  process didn't exit successfully: `sccache /home/shawn/.rustup/toolchains/1.98.1-x86_64-unknown-linux-gnu/bin/clippy-driver /home/shawn/.rustup/toolchains/1.98.1-x86_64-unknown-linux-gnu/bin/rustc --crate-name suprnova --edition=2024 framework/src/lib.rs --error-format=json --json=diagnostic-rendered-ansi,artifacts,future-incompat --crate-type lib --emit=dep-info,metadata -C embed-bitcode=no -C debuginfo=line-tables-only -C split-debuginfo=unpacked --cfg 'feature="database-mysql"' --cfg 'feature="database-postgres"' --cfg 'feature="database-sqlite"' --cfg 'feature="default"' --cfg 'feature="filesystem"' --cfg 'feature="localization"' --cfg 'feature="magnetar-oauth"' --cfg 'feature="media"' --cfg 'feature="testing"' --cfg 'feature="vector-mariadb"' --cfg 'feature="web-push"' --check-cfg 'cfg(docsrs,test)' --check-cfg 'cfg(feature, values("broadcasting-fanout", "database-mysql", "database-postgres", "database-sqlite", "default", "filesystem", "filesystem-azure", "filesystem-gcs", "localization", "magnetar-oauth", "media", "otel", "testing", "vector-mariadb", "vector-pinecone", "web-push"))' -C metadata=2b989488a248f23d -C extra-filename=-7536449cbca41d42 --out-dir /home/shawn/workspace2/scratchpads/suprnova-target/debug/deps -L dependency=/home/shawn/workspace2/scratchpads/suprnova-target/debug/deps --extern aes_gcm=/home/shawn/workspace2/scratchpads/suprnova-target/debug/deps/libaes_gcm-358f5a7e77f573c1.rmeta --extern ammonia=/home/shawn/workspace2/scratchpads/suprnova-target/debug/deps/libammonia-354382d58d736ccd.rmeta --extern argon2=/home/shawn/workspace2/scratchpads/suprnova-target/debug/deps/libargon2-811c2e13e1587a29.rmeta --extern askama=/home/shawn/workspace2/scratchpads/suprnova-target/debug/deps/libaskama-dec976111c2b7ec1.rmeta --extern async_stream=/home/shawn/workspace2/scratchpads/suprnova-target/debug/deps/libasync_stream-869801e2ff3269fb.rmeta --extern async_trait=/home/shawn/workspace2/scratchpads/suprnova-target/debug/deps/libasync_trait-058dc97bf7d57eb3.so --extern aws_credential_types=/home/shawn/workspace2/scratchpads/suprnova-target/debug/deps/libaws_credential_types-7be299df67e7a07a.rmeta --extern aws_sigv4=/home/shawn/workspace2/scratchpads/suprnova-target/debug/deps/libaws_sigv4-948f4a606cfd910e.rmeta --extern base64=/home/shawn/workspace2/scratchpads/suprnova-target/debug/deps/libbase64-364d3891739f07f8.rmeta --extern bcrypt=/home/shawn/workspace2/scratchpads/suprnova-target/debug/deps/libbcrypt-39463bb16a01c498.rmeta --extern bigdecimal=/home/shawn/workspace2/scratchpads/suprnova-target/debug/deps/libbigdecimal-0c82c8a08d10046a.rmeta --extern bytes=/home/shawn/workspace2/scratchpads/suprnova-target/debug/deps/libbytes-fbad7d5807bad4cb.rmeta --extern chrono=/home/shawn/workspace2/scratchpads/suprnova-target/debug/deps/libchrono-3f0b13640c888e97.rmeta --extern chrono_tz=/home/shawn/workspace2/scratchpads/suprnova-target/debug/deps/libchrono_tz-6daf65122665f7b0.rmeta --extern clap=/home/shawn/workspace2/scratchpads/suprnova-target/debug/deps/libclap-5f91167ef381d541.rmeta --extern comrak=/home/shawn/workspace2/scratchpads/suprnova-target/debug/deps/libcomrak-becc3acf35b8ec45.rmeta --extern dashmap=/home/shawn/workspace2/scratchpads/suprnova-target/debug/deps/libdashmap-75d34ad073438bf1.rmeta --extern digest=/home/shawn/workspace2/scratchpads/suprnova-target/debug/deps/libdigest-2c89510b32b9be85.rmeta --extern dotenvy=/home/shawn/workspace2/scratchpads/suprnova-target/debug/deps/libdotenvy-edaceeb60cad7106.rmeta --extern envy=/home/shawn/workspace2/scratchpads/suprnova-target/debug/deps/libenvy-d102d47fd2b23867.rmeta --extern fake=/home/shawn/workspace2/scratchpads/suprnova-target/debug/deps/libfake-348db844bda19e9f.rmeta --extern featureflag=/home/shawn/workspace2/scratchpads/suprnova-target/debug/deps/libfeatureflag-d88d9aa04bb84da7.rmeta --extern fixed_decimal=/home/shawn/workspace2/scratchpads/suprnova-target/debug/deps/libfixed_decimal-892e83a542a7c6ca.rmeta --extern fluent_bundle=/home/shawn/workspace2/scratchpads/suprnova-target/debug/deps/libfluent_bundle-03a8e8b8eff68469.rmeta --extern fluent_langneg=/home/shawn/workspace2/scratchpads/suprnova-target/debug/deps/libfluent_langneg-3c0b2ec789303cb9.rmeta --extern fluent_syntax=/home/shawn/workspace2/scratchpads/suprnova-target/debug/deps/libfluent_syntax-a88fe3c2bc3caaeb.rmeta --extern futures=/home/shawn/workspace2/scratchpads/suprnova-target/debug/deps/libfutures-00c02b2749675ee1.rmeta --extern futures_util=/home/shawn/workspace2/scratchpads/suprnova-target/debug/deps/libfutures_util-543ca665c584bc10.rmeta --extern getrandom=/home/shawn/workspace2/scratchpads/suprnova-target/debug/deps/libgetrandom-e2d7f02a2be599a0.rmeta --extern hex=/home/shawn/workspace2/scratchpads/suprnova-target/debug/deps/libhex-7aed057b05a7ce6a.rmeta --extern hmac=/home/shawn/workspace2/scratchpads/suprnova-target/debug/deps/libhmac-732b745208bacf14.rmeta --extern http=/home/shawn/workspace2/scratchpads/suprnova-target/debug/deps/libhttp-a57c04ca0a781c95.rmeta --extern http_body_util=/home/shawn/workspace2/scratchpads/suprnova-target/debug/deps/libhttp_body_util-e1a7cb4ef5af17e7.rmeta --extern httpdate=/home/shawn/workspace2/scratchpads/suprnova-target/debug/deps/libhttpdate-b5d1d9807703b0f3.rmeta --extern hyper=/home/shawn/workspace2/scratchpads/suprnova-target/debug/deps/libhyper-177ffb4fad46c732.rmeta --extern hyper_tungstenite=/home/shawn/workspace2/scratchpads/suprnova-target/debug/deps/libhyper_tungstenite-9f3074d5872311c6.rmeta --extern hyper_util=/home/shawn/workspace2/scratchpads/suprnova-target/debug/deps/libhyper_util-33b8927b5c981b82.rmeta --extern icu_calendar=/home/shawn/workspace2/scratchpads/suprnova-target/debug/deps/libicu_calendar-601488bc6dd47af7.rmeta --extern icu_datetime=/home/shawn/workspace2/scratchpads/suprnova-target/debug/deps/libicu_datetime-6a69ee8724843615.rmeta --extern icu_decimal=/home/shawn/workspace2/scratchpads/suprnova-target/debug/deps/libicu_decimal-7b52a01909b522ef.rmeta --extern icu_experimental=/home/shawn/workspace2/scratchpads/suprnova-target/debug/deps/libicu_experimental-59a237e939340e99.rmeta --extern icu_list=/home/shawn/workspace2/scratchpads/suprnova-target/debug/deps/libicu_list-5a9668c234960ebf.rmeta --extern icu_locale_core=/home/shawn/workspace2/scratchpads/suprnova-target/debug/deps/libicu_locale_core-834ac7cb8b17195d.rmeta --extern indexmap=/home/shawn/workspace2/scratchpads/suprnova-target/debug/deps/libindexmap-f96bca5f8cd15f1b.rmeta --extern infer=/home/shawn/workspace2/scratchpads/suprnova-target/debug/deps/libinfer-86451128c735d4f2.rmeta --extern intl_memoizer=/home/shawn/workspace2/scratchpads/suprnova-target/debug/deps/libintl_memoizer-c394c927a016f491.rmeta --extern inventory=/home/shawn/workspace2/scratchpads/suprnova-target/debug/deps/libinventory-de620653ea7e6a47.rmeta --extern iso_currency=/home/shawn/workspace2/scratchpads/suprnova-target/debug/deps/libiso_currency-6062ed730c338164.rmeta --extern lettre=/home/shawn/workspace2/scratchpads/suprnova-target/debug/deps/liblettre-1adc968c96edb4f3.rmeta --extern matchit=/home/shawn/workspace2/scratchpads/suprnova-target/debug/deps/libmatchit-960185e86e7c6bb7.rmeta --extern md5=/home/shawn/workspace2/scratchpads/suprnova-target/debug/deps/libmd5-e2048081a6fdca9e.rmeta --extern multer=/home/shawn/workspace2/scratchpads/suprnova-target/debug/deps/libmulter-d65ef99150a9ba29.rmeta --extern once_cell=/home/shawn/workspace2/scratchpads/suprnova-target/debug/deps/libonce_cell-996d879bd1798088.rmeta --extern opendal=/home/shawn/workspace2/scratchpads/suprnova-target/debug/deps/libopendal-583c6380e7b99a03.rmeta --extern oxideav_bmp=/home/shawn/workspace2/scratchpads/suprnova-target/debug/deps/liboxideav_bmp-1e556284a2ab7b27.rmeta --extern oxideav_core=/home/shawn/workspace2/scratchpads/suprnova-target/debug/deps/liboxideav_core-c2768d361e4a7b79.rmeta --extern oxideav_gif=/home/shawn/workspace2/scratchpads/suprnova-target/debug/deps/liboxideav_gif-1ece88ec055268bf.rmeta --extern oxideav_image_filter=/home/shawn/workspace2/scratchpads/suprnova-target/debug/deps/liboxideav_image_filter-cd8cdb8cebaa87e8.rmeta --extern oxideav_mjpeg=/home/shawn/workspace2/scratchpads/suprnova-target/debug/deps/liboxideav_mjpeg-e773591b2d1f0a8b.rmeta --extern oxideav_pixfmt=/home/shawn/workspace2/scratchpads/suprnova-target/debug/deps/liboxideav_pixfmt-b15104b4ef169ab4.rmeta --extern oxideav_png=/home/shawn/workspace2/scratchpads/suprnova-target/debug/deps/liboxideav_png-29ddec07e4019844.rmeta --extern oxideav_webp=/home/shawn/workspace2/scratchpads/suprnova-target/debug/deps/liboxideav_webp-f9039e408464113e.rmeta --extern percent_encoding=/home/shawn/workspace2/scratchpads/suprnova-target/debug/deps/libpercent_encoding-5f89487256b3d203.rmeta --extern qdrant_client=/home/shawn/workspace2/scratchpads/suprnova-target/debug/deps/libqdrant_client-1823f450fd8fdaab.rmeta --extern rand=/home/shawn/workspace2/scratchpads/suprnova-target/debug/deps/librand-bec7027e304a12bb.rmeta --extern redis=/home/shawn/workspace2/scratchpads/suprnova-target/debug/deps/libredis-2f5eab97713fe2c2.rmeta --extern regex=/home/shawn/workspace2/scratchpads/suprnova-target/debug/deps/libregex-0af3c47809e05c04.rmeta --extern reqwest=/home/shawn/workspace2/scratchpads/suprnova-target/debug/deps/libreqwest-c1f0e4b4f70ee2c1.rmeta --extern rust_decimal=/home/shawn/workspace2/scratchpads/suprnova-target/debug/deps/librust_decimal-d2206929c4ad73e2.rmeta --extern sea_orm=/home/shawn/workspace2/scratchpads/suprnova-target/debug/deps/libsea_orm-8ce6e8e6a0f286b9.rmeta --extern sea_orm_migration=/home/shawn/workspace2/scratchpads/suprnova-target/debug/deps/libsea_orm_migration-24d7c9f2b9310630.rmeta --extern sea_streamer=/home/shawn/workspace2/scratchpads/suprnova-target/debug/deps/libsea_streamer-6b60f4e489c75c35.rmeta --extern sea_streamer_redis=/home/shawn/workspace2/scratchpads/suprnova-target/debug/deps/libsea_streamer_redis-aea21c40a544780f.rmeta --extern secrecy=/home/shawn/workspace2/scratchpads/suprnova-target/debug/deps/libsecrecy-bcba7bc2fd9b0bde.rmeta --extern serde=/home/shawn/workspace2/scratchpads/suprnova-target/debug/deps/libserde-b5177ca2a41a19d5.rmeta --extern serde_json=/home/shawn/workspace2/scratchpads/suprnova-target/debug/deps/libserde_json-b6dda177efbfecca.rmeta --extern serde_urlencoded=/home/shawn/workspace2/scratchpads/suprnova-target/debug/deps/libserde_urlencoded-63b89f1a12e6a6d2.rmeta --extern sha1=/home/shawn/workspace2/scratchpads/suprnova-target/debug/deps/libsha1-8591659ed65d4c7e.rmeta --extern sha2=/home/shawn/workspace2/scratchpads/suprnova-target/debug/deps/libsha2-d2f5c6556c83294f.rmeta --extern sqlx=/home/shawn/workspace2/scratchpads/suprnova-target/debug/deps/libsqlx-a977222d3cd8adae.rmeta --extern subtle=/home/shawn/workspace2/scratchpads/suprnova-target/debug/deps/libsubtle-1a3d769552e04c8c.rmeta --extern suprnova_live=/home/shawn/workspace2/scratchpads/suprnova-target/debug/deps/libsuprnova_live-c4d9f841295c6ad3.rmeta --extern suprnova_macros=/home/shawn/workspace2/scratchpads/suprnova-target/debug/deps/libsuprnova_macros-af52d21e20967352.so --extern magnetar=/home/shawn/workspace2/scratchpads/suprnova-target/debug/deps/libmagnetar-007e9b5528de26c2.rmeta --extern suprnova_web_push=/home/shawn/workspace2/scratchpads/suprnova-target/debug/deps/libsuprnova_web_push-5175ccb32b44bcc5.rmeta --extern tempfile=/home/shawn/workspace2/scratchpads/suprnova-target/debug/deps/libtempfile-4b8d87041a735696.rmeta --extern tera=/home/shawn/workspace2/scratchpads/suprnova-target/debug/deps/libtera-58a56cbc0ba9fc6f.rmeta --extern thiserror=/home/shawn/workspace2/scratchpads/suprnova-target/debug/deps/libthiserror-64e432ded53b236e.rmeta --extern tinystr=/home/shawn/workspace2/scratchpads/suprnova-target/debug/deps/libtinystr-2c092dae46f1cd00.rmeta --extern tokio=/home/shawn/workspace2/scratchpads/suprnova-target/debug/deps/libtokio-561a02a62f1515ec.rmeta --extern tokio_tungstenite=/home/shawn/workspace2/scratchpads/suprnova-target/debug/deps/libtokio_tungstenite-3a65615bceea3480.rmeta --extern tokio_util=/home/shawn/workspace2/scratchpads/suprnova-target/debug/deps/libtokio_util-2879845cebb63404.rmeta --extern totp_rs=/home/shawn/workspace2/scratchpads/suprnova-target/debug/deps/libtotp_rs-882e212dc46b6e62.rmeta --extern tracing=/home/shawn/workspace2/scratchpads/suprnova-target/debug/deps/libtracing-8256872e69039513.rmeta --extern tracing_subscriber=/home/shawn/workspace2/scratchpads/suprnova-target/debug/deps/libtracing_subscriber-0d4c8d39e31944e0.rmeta --extern unic_langid=/home/shawn/workspace2/scratchpads/suprnova-target/debug/deps/libunic_langid-8316bd66f011bc9b.rmeta --extern url=/home/shawn/workspace2/scratchpads/suprnova-target/debug/deps/liburl-36c53e852702c4fb.rmeta --extern uuid=/home/shawn/workspace2/scratchpads/suprnova-target/debug/deps/libuuid-f274c330b9f56402.rmeta --extern validator=/home/shawn/workspace2/scratchpads/suprnova-target/debug/deps/libvalidator-ac99ee9bc3d43f82.rmeta --extern webauthn_rs=/home/shawn/workspace2/scratchpads/suprnova-target/debug/deps/libwebauthn_rs-cb090d4412a9b914.rmeta --extern writeable=/home/shawn/workspace2/scratchpads/suprnova-target/debug/deps/libwriteable-7ece7d1cc0f947b3.rmeta --extern zeroize=/home/shawn/workspace2/scratchpads/suprnova-target/debug/deps/libzeroize-c39471cca1264b71.rmeta -C link-arg=-Wl,--threads=12 -C link-arg=-fuse-ld=lld -L native=/home/shawn/workspace2/scratchpads/suprnova-target/debug/build/onig_sys-0696edeaf27efc9f/out -L native=/home/shawn/workspace2/scratchpads/suprnova-target/debug/build/aws-lc-sys-0f07947e88fc5eea/out -L native=/home/shawn/workspace2/scratchpads/suprnova-target/debug/build/ring-35ec7d88713f397f/out -L native=/home/shawn/workspace2/scratchpads/suprnova-target/debug/build/libsqlite3-sys-1a97197b77c012b1/out` (exit status: 101)
warning: build failed, waiting for other jobs to finish...
