    Checking suprnova-live v2.0.2 (/home/shawn/workspace2/suprnova/crates/suprnova-live)
    Checking suprnova-live-test-support v2.0.2 (/home/shawn/workspace2/suprnova/crates/suprnova-live/crates/suprnova-live-test-support)
    Checking suprnova v2.0.2 (/home/shawn/workspace2/suprnova/framework)
    Checking suprnova-live-macro-fixture v2.0.2 (/home/shawn/workspace2/suprnova/crates/suprnova-live/crates/suprnova-live-macro-fixture)
    Checking suprnova-macros v2.0.2 (/home/shawn/workspace2/suprnova/suprnova-macros)
    Finished `dev` profile [unoptimized + debuginfo] target(s) in 34.88s
    Checking suprnova-live v2.0.2 (/home/shawn/workspace2/suprnova/crates/suprnova-live)
   Compiling suprnova-macros v2.0.2 (/home/shawn/workspace2/suprnova/suprnova-macros)
    Checking suprnova-magnetar v2.0.2 (/home/shawn/workspace2/suprnova/crates/suprnova-magnetar)
    Checking suprnova-web-push v2.0.2 (/home/shawn/workspace2/suprnova/crates/suprnova-web-push)
    Checking suprnova-live-test-support v2.0.2 (/home/shawn/workspace2/suprnova/crates/suprnova-live/crates/suprnova-live-test-support)
    Checking suprnova-live-macro-fixture v2.0.2 (/home/shawn/workspace2/suprnova/crates/suprnova-live/crates/suprnova-live-macro-fixture)
    Checking suprnova v2.0.2 (/home/shawn/workspace2/suprnova/framework)
    Finished `dev` profile [unoptimized + debuginfo] target(s) in 39.35s
    Blocking waiting for file lock on artifact directory
   Compiling proc-macro2 v1.0.107
   Compiling unicode-ident v1.0.24
   Compiling quote v1.0.47
   Compiling libc v0.2.189
   Compiling serde_core v1.0.229
   Compiling siphasher v1.0.3
   Compiling fastrand v2.5.0
    Checking cfg-if v1.0.4
   Compiling serde v1.0.229
   Compiling parking_lot_core v0.9.12
    Checking typenum v1.20.1
   Compiling libm v0.2.16
    Checking itoa v1.0.18
    Checking scopeguard v1.2.0
    Checking smallvec v1.15.2
   Compiling phf_shared v0.13.1
   Compiling memchr v2.8.3
    Checking lock_api v0.4.14
    Checking new_debug_unreachable v1.0.6
    Checking cmov v0.5.4
   Compiling phf_generator v0.13.1
   Compiling zmij v1.0.23
    Checking hybrid-array v0.4.14
   Compiling rustversion v1.0.23
    Checking ctutils v0.4.2
    Checking const-oid v0.10.2
    Checking precomputed-hash v0.1.1
   Compiling winnow v1.0.4
    Checking parking_lot v0.12.5
   Compiling phf_codegen v0.13.1
    Checking crypto-common v0.2.2
   Compiling serde_json v1.0.151
   Compiling rustc-hash v2.1.3
    Checking phf v0.13.1
    Checking core_maths v0.1.1
   Compiling shlex v2.0.1
    Checking string_cache v0.9.0
   Compiling find-msvc-tools v0.1.11
    Checking foldhash v0.1.5
    Checking equivalent v1.0.2
   Compiling glob v0.3.4
    Checking allocator-api2 v0.2.21
    Checking ttf-parser v0.25.1
   Compiling jobserver v0.1.35
    Checking tendril v0.5.1
   Compiling basic-toml v0.1.10
   Compiling getrandom v0.4.3
    Checking log v0.4.33
   Compiling syn v3.0.3
   Compiling syn v2.0.119
   Compiling string_cache_codegen v0.6.1
   Compiling thiserror v2.0.20
    Checking powerfmt v0.2.0
   Compiling cc v1.4.4
    Checking hashbrown v0.15.5
    Checking arc-swap v1.9.2
    Checking percent-encoding v2.3.2
    Checking cpufeatures v0.3.0
    Checking num-conv v0.2.2
    Checking deranged v0.5.8
   Compiling web_atoms v0.2.6
    Checking bytes v1.11.1
    Checking ryu-js v1.0.3
    Checking time-core v0.1.8
    Checking fontdue v0.9.4
   Compiling libfuzzer-sys v0.4.10
    Checking uuid v1.23.1
    Checking askama_parser v0.16.0
    Checking arbitrary v1.4.2
    Checking imagesize v0.15.0
    Checking base64 v0.22.1
   Compiling zeroize_derive v1.5.0
    Checking zeroize v1.9.0
    Checking markup5ever v0.39.0
    Checking http v1.4.1
   Compiling serde_derive v1.0.229
   Compiling thiserror-impl v2.0.20
   Compiling async-trait v0.1.92
    Checking time v0.3.47
    Checking html5ever v0.39.0
    Checking block-buffer v0.12.1
    Checking digest v0.11.3
    Checking hmac v0.13.0
    Checking sha2 v0.11.0
    Checking serde_json_canonicalizer v0.3.2
    Checking charts-rs v1.0.0
    Checking hkdf v0.13.0
   Compiling askama_derive v0.16.0
   Compiling askama_macros v0.16.0
    Checking askama v0.16.0
    Checking suprnova-live v2.0.2 (/home/shawn/workspace2/suprnova/crates/suprnova-live)
    Checking suprnova-live-fuzz v0.0.0 (/home/shawn/workspace2/suprnova/crates/suprnova-live/fuzz)
warning: using `chunks_exact` with a constant chunk size
  --> fuzz_targets/upload_media_header.rs:28:10
   |
28 |         .chunks_exact(2)
   |          ^^^^^^^^^^^^^^^ help: consider using `as_chunks` instead: `as_chunks::<2>().0.iter()`
   |
   = help: for further information visit https://rust-lang.github.io/rust-clippy/rust-1.98.0/index.html#chunks_exact_to_as_chunks
   = note: `#[warn(clippy::chunks_exact_to_as_chunks)]` on by default

warning: `suprnova-live-fuzz` (bin "upload_media_header") generated 1 warning (run `cargo clippy --fix --bin "upload_media_header" -p suprnova-live-fuzz -- -D clippy::disallowed_methods` to apply 1 suggestion)
warning: manual implementation of a no-op waker
   --> fuzz_targets/support.rs:267:6
    |
267 | impl Wake for NoopWake {
    |      ^^^^
    |
    = help: use `std::task::Waker::noop()` instead
    = help: for further information visit https://rust-lang.github.io/rust-clippy/rust-1.98.0/index.html#manual_noop_waker
    = note: `#[warn(clippy::manual_noop_waker)]` on by default

warning: `suprnova-live-fuzz` (bin "child_parameters") generated 1 warning (1 duplicate)
warning: `suprnova-live-fuzz` (bin "protocol_v2_response") generated 1 warning
warning: `suprnova-live-fuzz` (bin "update_response") generated 1 warning (1 duplicate)
warning: `suprnova-live-fuzz` (bin "update_request") generated 1 warning (1 duplicate)
warning: `suprnova-live-fuzz` (bin "protocol_v2_request") generated 1 warning (1 duplicate)
warning: `suprnova-live-fuzz` (bin "directive_contract") generated 1 warning (1 duplicate)
warning: `suprnova-live-fuzz` (bin "signed_snapshot") generated 1 warning (1 duplicate)
warning: `suprnova-live-fuzz` (bin "async_sequence") generated 1 warning (1 duplicate)
warning: `suprnova-live-fuzz` (bin "async_envelope") generated 1 warning (1 duplicate)
    Finished `dev` profile [unoptimized + debuginfo] target(s) in 23.53s
    Blocking waiting for file lock on artifact directory
   Compiling suprnova-live v2.0.2 (/home/shawn/workspace2/suprnova/crates/suprnova-live)
    Finished `test` profile [unoptimized + debuginfo] target(s) in 1.44s
     Running tests/browser_contract_properties.rs (/home/shawn/workspace2/scratchpads/suprnova-target/debug/deps/browser_contract_properties-fd540f4031e7e09c)
     Running tests/golden_fixtures.rs (/home/shawn/workspace2/scratchpads/suprnova-target/debug/deps/golden_fixtures-e099ae1e35f60b7e)
    Blocking waiting for file lock on artifact directory
   Compiling suprnova-live v2.0.2 (/home/shawn/workspace2/suprnova/crates/suprnova-live)
    Finished `test` profile [unoptimized + debuginfo] target(s) in 2.37s
     Running tests/checker_negative.rs (/home/shawn/workspace2/scratchpads/suprnova-target/debug/deps/checker_negative-252d7b89a097df1c)
     Running tests/checker_positive.rs (/home/shawn/workspace2/scratchpads/suprnova-target/debug/deps/checker_positive-d634f879ee7a1688)
     Running tests/checker_regressions.rs (/home/shawn/workspace2/scratchpads/suprnova-target/debug/deps/checker_regressions-bcdff040a39ccc1e)
   Compiling suprnova-live v2.0.2 (/home/shawn/workspace2/suprnova/crates/suprnova-live)
    Finished `test` profile [unoptimized + debuginfo] target(s) in 0.49s
     Running tests/compatibility.rs (/home/shawn/workspace2/scratchpads/suprnova-target/debug/deps/compatibility-b7604550a26e1719)
     Running tests/protocol_v2.rs (/home/shawn/workspace2/scratchpads/suprnova-target/debug/deps/protocol_v2-4e508a43df77e918)
   Compiling suprnova-live v2.0.2 (/home/shawn/workspace2/suprnova/crates/suprnova-live)
    Finished `test` profile [unoptimized + debuginfo] target(s) in 0.71s
     Running tests/security_boundaries.rs (/home/shawn/workspace2/scratchpads/suprnova-target/debug/deps/security_boundaries-e1a9f9dd1d42a74c)
   Compiling suprnova-live v2.0.2 (/home/shawn/workspace2/suprnova/crates/suprnova-live)
    Finished `test` profile [unoptimized + debuginfo] target(s) in 0.52s
     Running tests/security_hostile_context.rs (/home/shawn/workspace2/scratchpads/suprnova-target/debug/deps/security_hostile_context-1666dc557950494e)
   Compiling suprnova-live v2.0.2 (/home/shawn/workspace2/suprnova/crates/suprnova-live)
   Compiling suprnova v2.0.2 (/home/shawn/workspace2/suprnova/framework)
   Compiling suprnova-macros v2.0.2 (/home/shawn/workspace2/suprnova/suprnova-macros)
    Finished `test` profile [unoptimized + debuginfo] target(s) in 1m 01s
     Running tests/live_ui.rs (/home/shawn/workspace2/scratchpads/suprnova-target/debug/deps/live_ui-8305e077f4dbc57d)
   Compiling suprnova-live v2.0.2 (/home/shawn/workspace2/suprnova/crates/suprnova-live)
   Compiling suprnova v2.0.2 (/home/shawn/workspace2/suprnova/framework)
   Compiling suprnova-macros-tests v0.0.0 (/home/shawn/workspace2/scratchpads/suprnova-target/tests/trybuild/suprnova-macros)
    Finished `dev` profile [unoptimized + debuginfo] target(s) in 4.04s


test [0m[1mtests/ui/live/pass/all_metadata.rs[0m [should pass] ... [0m[32mok
[0mtest [0m[1mtests/ui/live/pass/minimal.rs[0m [should pass] ... [0m[32mok
[0mtest [0m[1mtests/ui/live/pass/streams.rs[0m [should pass] ... [0m[32mok
[0mtest [0m[1mtests/ui/live/pass/upload_policy.rs[0m [should pass] ... [0m[32mok
[0mtest [0m[1mtests/ui/live/fail/conflicting_model_timing.rs[0m [should fail to compile] ... [0m[32mok
[0mtest [0m[1mtests/ui/live/fail/duplicate_action_name.rs[0m [should fail to compile] ... [0m[32mok
[0mtest [0m[1mtests/ui/live/fail/duplicate_struct_helper.rs[0m [should fail to compile] ... [0m[32mok
[0mtest [0m[1mtests/ui/live/fail/duplicate_url_query.rs[0m [should fail to compile] ... [0m[32mok
[0mtest [0m[1mtests/ui/live/fail/event_payload_contract.rs[0m [should fail to compile] ... [0m[32mok
[0mtest [0m[1mtests/ui/live/fail/generic_component.rs[0m [should fail to compile] ... [0m[32mok
[0mtest [0m[1mtests/ui/live/fail/invalid_action_signature.rs[0m [should fail to compile] ... [0m[32mok
[0mtest [0m[1mtests/ui/live/fail/invalid_debounce.rs[0m [should fail to compile] ... [0m[32mok
[0mtest [0m[1mtests/ui/live/fail/invalid_name.rs[0m [should fail to compile] ... [0m[32mok
[0mtest [0m[1mtests/ui/live/fail/invalid_version.rs[0m [should fail to compile] ... [0m[32mok
[0mtest [0m[1mtests/ui/live/fail/misplaced_helper.rs[0m [should fail to compile] ... [0m[32mok
[0mtest [0m[1mtests/ui/live/fail/model_locked.rs[0m [should fail to compile] ... [0m[32mok
[0mtest [0m[1mtests/ui/live/fail/mount_destructured_parameter.rs[0m [should fail to compile] ... [0m[32mok
[0mtest [0m[1mtests/ui/live/fail/mount_reference_parameter.rs[0m [should fail to compile] ... [0m[32mok
[0mtest [0m[1mtests/ui/live/fail/no_zero_input_verified_context.rs[0m [should fail to compile] ... [0m[32mok
[0mtest [0m[1mtests/ui/live/fail/private_action.rs[0m [should fail to compile] ... [0m[32mok
[0mtest [0m[1mtests/ui/live/fail/private_component.rs[0m [should fail to compile] ... [0m[32mok
[0mtest [0m[1mtests/ui/live/fail/reference_state.rs[0m [should fail to compile] ... [0m[32mok
[0mtest [0m[1mtests/ui/live/fail/refresh_requires_v2.rs[0m [should fail to compile] ... [0m[32mok
[0mtest [0m[1mtests/ui/live/fail/secret_url.rs[0m [should fail to compile] ... [0m[32mok
[0mtest [0m[1mtests/ui/live/fail/server_only_url.rs[0m [should fail to compile] ... [0m[32mok
[0mtest [0m[1mtests/ui/live/fail/session_dehydrated.rs[0m [should fail to compile] ... [0m[32mok
[0mtest [0m[1mtests/ui/live/fail/stream_duplicate_event.rs[0m [should fail to compile] ... [0m[32mok
[0mtest [0m[1mtests/ui/live/fail/stream_invalid_mode.rs[0m [should fail to compile] ... [0m[32mok
[0mtest [0m[1mtests/ui/live/fail/stream_requires_v2.rs[0m [should fail to compile] ... [0m[32mok
[0mtest [0m[1mtests/ui/live/fail/stream_unknown_helper.rs[0m [should fail to compile] ... [0m[32mok
[0mtest [0m[1mtests/ui/live/fail/transient_url.rs[0m [should fail to compile] ... [0m[32mok
[0mtest [0m[1mtests/ui/live/fail/transient_without_model.rs[0m [should fail to compile] ... [0m[32mok
[0mtest [0m[1mtests/ui/live/fail/unknown_method_helper.rs[0m [should fail to compile] ... [0m[32mok
[0mtest [0m[1mtests/ui/live/fail/unknown_struct_helper.rs[0m [should fail to compile] ... [0m[32mok
[0mtest [0m[1mtests/ui/live/fail/unlisted_model_debounce.rs[0m [should fail to compile] ... [0m[32mok
[0mtest [0m[1mtests/ui/live/fail/unsupported_protocol.rs[0m [should fail to compile] ... [0m[32mok
[0mtest [0m[1mtests/ui/live/fail/unsupported_url_codec.rs[0m [should fail to compile] ... [0m[32mok
[0mtest [0m[1mtests/ui/live/fail/upload_duplicate_helper.rs[0m [should fail to compile] ... [0m[32mok
[0mtest [0m[1mtests/ui/live/fail/upload_misplaced_helper.rs[0m [should fail to compile] ... [0m[32mok
[0mtest [0m[1mtests/ui/live/fail/upload_non_model.rs[0m [should fail to compile] ... [0m[32mok
[0mtest [0m[1mtests/ui/live/fail/upload_policy_return.rs[0m [should fail to compile] ... [0m[32mok
[0mtest [0m[1mtests/ui/live/fail/upload_policy_signature.rs[0m [should fail to compile] ... [0m[32mok
[0mtest [0m[1mtests/ui/live/fail/upload_unknown_helper.rs[0m [should fail to compile] ... [0m[32mok
[0mtest [0m[1mtests/ui/live/fail/validation_selection_without_hook.rs[0m [should fail to compile] ... [0m[32mok
[0m

   Compiling suprnova-live v2.0.2 (/home/shawn/workspace2/suprnova/crates/suprnova-live)
    Finished `test` profile [unoptimized + debuginfo] target(s) in 0.88s
     Running tests/iteration_004_adversarial.rs (/home/shawn/workspace2/scratchpads/suprnova-target/debug/deps/iteration_004_adversarial-8a021a80cd5f4e87)
     Running tests/iteration_004_conformance.rs (/home/shawn/workspace2/scratchpads/suprnova-target/debug/deps/iteration_004_conformance-513cf58a96262a3a)
     Running tests/iteration_004_exhaustion.rs (/home/shawn/workspace2/scratchpads/suprnova-target/debug/deps/iteration_004_exhaustion-cc2409993f25d15e)
   Compiling proc-macro2 v1.0.106
   Compiling quote v1.0.45
   Compiling unicode-ident v1.0.24
   Compiling libc v0.2.186
    Checking cfg-if v1.0.4
   Compiling serde_core v1.0.229
    Checking memchr v2.8.0
    Checking itoa v1.0.18
    Checking smallvec v1.15.1
    Checking typenum v1.20.0
   Compiling serde v1.0.229
   Compiling version_check v0.9.5
    Checking pin-project-lite v0.2.17
    Checking bytes v1.11.1
    Checking scopeguard v1.2.0
    Checking subtle v2.6.1
   Compiling parking_lot_core v0.9.12
   Compiling generic-array v0.14.7
    Checking log v0.4.33
    Checking futures-core v0.3.34
    Checking equivalent v1.0.2
    Checking hashbrown v0.17.1
    Checking lock_api v0.4.14
    Checking futures-sink v0.3.34
    Checking const-oid v0.9.6
    Checking slab v0.4.12
    Checking percent-encoding v2.3.2
   Compiling zmij v1.0.21
    Checking getrandom v0.2.17
   Compiling serde_json v1.0.151
    Checking errno v0.3.14
    Checking socket2 v0.6.3
    Checking futures-channel v0.3.34
    Checking mio v1.2.0
    Checking indexmap v2.14.0
    Checking futures-io v0.3.34
    Checking futures-task v0.3.34
   Compiling autocfg v1.5.1
    Checking signal-hook-registry v1.4.8
    Checking rand_core v0.6.4
    Checking parking_lot v0.12.5
    Checking once_cell v1.21.4
    Checking form_urlencoded v1.2.2
    Checking base64 v0.22.1
    Checking http v1.4.1
    Checking bytemuck v1.25.0
   Compiling num-traits v0.2.19
    Checking cpufeatures v0.3.0
   Compiling thiserror v2.0.20
   Compiling getrandom v0.4.3
    Checking rand_core v0.10.1
    Checking tracing-core v0.1.36
    Checking hybrid-array v0.4.12
   Compiling zerocopy v0.8.48
   Compiling num-conv v0.2.2
   Compiling time-core v0.1.8
    Checking powerfmt v0.2.0
    Checking cmov v0.5.3
   Compiling syn v2.0.117
   Compiling syn v3.0.4
    Checking chacha20 v0.10.2
    Checking sha1_smol v1.0.1
    Checking deranged v0.5.8
    Checking crypto-common v0.2.2
    Checking atomic v0.6.1
    Checking bitflags v2.11.1
   Compiling time-macros v0.2.27
    Checking ctutils v0.4.2
    Checking const-oid v0.10.2
    Checking cpufeatures v0.2.17
   Compiling libm v0.2.16
    Checking rand v0.10.1
   Compiling siphasher v1.0.3
    Checking ryu v1.0.23
    Checking fnv v1.0.7
    Checking time v0.3.47
    Checking http-body v1.0.1
   Compiling thiserror v1.0.69
    Checking byteorder v1.5.0
   Compiling httparse v1.10.1
    Checking allocator-api2 v0.2.21
   Compiling phf_shared v0.13.1
   Compiling fastrand v2.4.1
    Checking tower-layer v0.3.3
    Checking tower-service v0.3.3
    Checking http-body-util v0.1.3
    Checking httpdate v1.0.3
    Checking try-lock v0.2.5
    Checking atomic-waker v1.1.2
   Compiling phf_generator v0.13.1
   Compiling rustversion v1.0.22
    Checking ipnet v2.12.0
    Checking data-encoding v2.11.0
    Checking core_maths v0.1.1
    Checking sync_wrapper v1.0.2
    Checking want v0.3.1
   Compiling phf_codegen v0.13.1
   Compiling string_cache_codegen v0.6.1
    Checking rustc-hash v2.1.2
   Compiling serde_derive v1.0.229
   Compiling futures-macro v0.3.34
   Compiling thiserror-impl v2.0.20
   Compiling async-trait v0.1.92
   Compiling zeroize_derive v1.5.0
   Compiling tokio-macros v2.7.0
   Compiling tracing-attributes v0.1.31
   Compiling zerocopy-derive v0.8.48
   Compiling thiserror-impl v1.0.69
    Checking tokio v1.53.1
    Checking futures-util v0.3.34
    Checking zeroize v1.9.0
    Checking new_debug_unreachable v1.0.6
    Checking phf v0.13.1
   Compiling web_atoms v0.2.5
    Checking tracing v0.1.44
    Checking winnow v1.0.3
    Checking regex-syntax v0.8.10
    Checking block-buffer v0.12.0
    Checking mime v0.3.17
    Checking precomputed-hash v0.1.1
    Checking serde_urlencoded v0.7.1
    Checking digest v0.11.3
    Checking crypto-common v0.1.7
    Checking block-buffer v0.10.4
    Checking string_cache v0.9.0
    Checking sha2 v0.11.0
    Checking hmac v0.13.0
    Checking tendril v0.5.1
   Compiling glob v0.3.3
    Checking digest v0.10.7
   Compiling basic-toml v0.1.10
    Checking foldhash v0.1.5
    Checking tokio-util v0.7.18
    Checking tower v0.5.3
   Compiling askama_parser v0.16.0
    Checking hkdf v0.13.0
   Compiling getrandom v0.3.4
    Checking md-5 v0.10.6
    Checking sha1 v0.10.6
    Checking ttf-parser v0.25.1
    Checking arc-swap v1.9.2
    Checking markup5ever v0.39.0
    Checking hashbrown v0.15.5
    Checking utf-8 v0.7.6
    Checking ryu-js v1.0.3
    Checking uuid v1.23.1
    Checking html5ever v0.39.0
    Checking imagesize v0.15.0
    Checking rand_core v0.9.5
    Checking h2 v0.4.16
    Checking axum-core v0.4.5
    Checking serde_json_canonicalizer v0.3.2
    Checking serde_path_to_error v0.1.20
    Checking matchit v0.7.3
   Compiling rustix v1.1.4
    Checking linux-raw-sys v0.12.1
    Checking wait-timeout v0.2.1
    Checking ppv-lite86 v0.2.21
    Checking quick-error v1.2.3
   Compiling askama_derive v0.16.0
    Checking bit-vec v0.8.0
    Checking rand_xorshift v0.4.0
    Checking fontdue v0.9.4
    Checking unarray v0.1.4
    Checking rand_chacha v0.3.1
    Checking rand_chacha v0.9.0
    Checking hex-literal v1.1.0
    Checking bit-set v0.8.0
   Compiling synstructure v0.13.2
   Compiling displaydoc v0.2.5
   Compiling zerovec-derive v0.11.3
    Checking rand v0.8.6
    Checking rand v0.9.4
    Checking hyper v1.9.0
    Checking charts-rs v1.0.0
    Checking stable_deref_trait v1.2.1
    Checking either v1.16.0
    Checking litemap v0.8.2
    Checking utf8_iter v1.0.4
    Checking tungstenite v0.24.0
    Checking tempfile v3.27.0
   Compiling zerofrom-derive v0.1.7
   Compiling askama_macros v0.16.0
   Compiling yoke-derive v0.8.2
    Checking writeable v0.6.3
    Checking askama v0.16.0
    Checking zerofrom v0.1.8
   Compiling shlex v1.3.0
   Compiling find-msvc-tools v0.1.9
   Compiling icu_properties_data v2.2.0
   Compiling icu_normalizer_data v2.2.0
    Checking hyper-util v0.1.20
    Checking rusty-fork v0.3.1
   Compiling pkg-config v0.3.33
    Checking yoke v0.8.2
    Checking tokio-tungstenite v0.24.0
   Compiling jobserver v0.1.34
    Checking futures-executor v0.3.32
    Checking suprnova-live v2.0.2 (/home/shawn/workspace2/suprnova/crates/suprnova-live)
    Checking num-integer v0.1.46
    Checking proptest v1.11.0
   Compiling fs_extra v1.3.0
   Compiling dunce v1.0.5
    Checking rustls-pki-types v1.14.1
   Compiling aws-lc-rs v1.18.1
    Checking zerovec v0.11.6
    Checking zerotrie v0.2.4
    Checking hex v0.4.3
    Checking untrusted v0.9.0
   Compiling cc v1.2.62
    Checking num-bigint v0.4.6
    Checking axum v0.7.9
    Checking futures v0.3.32
   Compiling rustls v0.23.45
   Compiling vcpkg v0.2.15
   Compiling strsim v0.11.1
   Compiling anyhow v1.0.103
   Compiling ident_case v1.0.1
    Checking sha1 v0.11.0
    Checking tinystr v0.8.3
    Checking potential_utf v0.1.5
   Compiling crossbeam-utils v0.8.21
    Checking iana-time-zone v0.1.65
   Compiling cmake v0.1.58
   Compiling ring v0.17.14
   Compiling aho-corasick v1.1.4
    Checking icu_locale_core v2.2.0
    Checking icu_collections v2.2.0
    Checking lazy_static v1.5.0
    Checking webpki-roots v1.0.7
    Checking chrono v0.4.44
   Compiling aws-lc-sys v0.45.0
    Checking md-5 v0.11.0
    Checking sha2 v0.10.9
    Checking spin v0.9.9
   Compiling darling_core v0.20.11
    Checking parking v2.2.1
    Checking icu_provider v2.2.0
    Checking base64ct v1.8.3
   Compiling bigdecimal v0.4.10
    Checking jiff v0.2.32
   Compiling rust_decimal v1.42.0
    Checking regex-automata v0.4.14
    Checking event-listener v5.4.2
   Compiling openssl-sys v0.9.116
    Checking icu_properties v2.2.0
    Checking icu_normalizer v2.2.0
    Checking tokio-stream v0.1.18
    Checking suprnova-live-test-support v2.0.2 (/home/shawn/workspace2/suprnova/crates/suprnova-live/crates/suprnova-live-test-support)
    Checking simd-adler32 v0.3.9
   Compiling darling_macro v0.20.11
    Checking tinyvec_macros v0.1.1
   Compiling darling v0.20.11
    Checking foldhash v0.2.0
    Checking arrayvec v0.7.6
    Checking idna_adapter v1.2.2
    Checking reqsign-core v3.1.0 (https://github.com/apache/opendal-reqsign.git?rev=b49cd2996b9d2d9944e84481f8835ff55b188b97#b49cd299)
   Compiling crc32fast v1.5.0
    Checking minimal-lexical v0.2.1
   Compiling heck v0.4.1
    Checking hashbrown v0.16.1
    Checking tinyvec v1.11.0
    Checking idna v1.1.0
    Checking pem-rfc7468 v0.7.0
    Checking nom v7.1.3
   Compiling regex v1.12.3
    Checking quick-xml v0.41.0
    Checking url v2.5.8
    Checking crc-catalog v2.5.0
    Checking adler2 v2.0.1
   Compiling crunchy v0.2.4
    Checking hashlink v0.11.1
    Checking der v0.7.10
    Checking unicode-normalization v0.1.25
    Checking miniz_oxide v0.8.9
    Checking crc v3.4.0
    Checking crossbeam-queue v0.3.12
   Compiling phf_shared v0.11.3
    Checking futures-intrusive v0.5.0
    Checking mea v0.6.3
   Compiling icu_locale_data v2.2.0
   Compiling tiny-keccak v2.0.2
    Checking spki v0.7.3
   Compiling libsqlite3-sys v0.30.1
    Checking flate2 v1.1.9
    Checking hmac v0.12.1
   Compiling proc-macro-hack v0.5.20+deprecated
    Checking dotenvy v0.15.7
   Compiling itertools v0.14.0
    Checking opendal-core v0.58.0 (https://github.com/eas4ai/opendal.git?rev=88717391eb72c9839d3f8e79fccad9f22fc3a1b4#88717391)
    Checking pkcs8 v0.10.2
    Checking oxideav-core v0.1.34
    Checking atoi v2.0.0
    Checking ff v0.13.1
    Checking base16ct v0.2.0
   Compiling openssl v0.10.80
    Checking unicode-bidi v0.3.18
    Checking unicode-properties v0.1.4
    Checking base64 v0.21.7
    Checking foreign-types-shared v0.1.1
    Checking group v0.13.0
    Checking sec1 v0.7.3
   Compiling const-random-macro v0.1.16
    Checking icu_locale v2.2.0
    Checking stringprep v0.1.5
    Checking foreign-types v0.3.2
   Compiling unic-langid-impl v0.9.6
   Compiling phf v0.11.3
    Checking rusticata-macros v4.1.0
   Compiling parse-zoneinfo v0.3.1
    Checking flume v0.12.0
   Compiling asn1-rs-derive v0.5.1
    Checking crypto-bigint v0.5.5
    Checking inout v0.1.4
   Compiling asn1-rs-impl v0.2.0
   Compiling openssl-macros v0.1.1
   Compiling memoffset v0.9.1
   Compiling proc-macro2-diagnostics v0.10.1
    Checking same-file v1.0.6
   Compiling cfg_aliases v0.2.1
   Compiling crossbeam-epoch v0.9.20
    Checking whoami v2.1.3
   Compiling heck v0.5.0
    Checking asn1-rs v0.6.2
   Compiling unic-langid-macros-impl v0.9.6
    Checking cipher v0.4.4
    Checking const-random v0.1.18
   Compiling phf_generator v0.11.3
   Compiling sea-query-derive v1.0.0
    Checking walkdir v2.5.0
   Compiling nix v0.29.0
    Checking tower-http v0.6.11
    Checking elliptic-curve v0.13.8
   Compiling async-stream-impl v0.3.6
    Checking http v0.2.12
    Checking ordered-float v4.6.0
   Compiling phf_codegen v0.11.3
   Compiling pastey v0.1.1
    Checking openssl-probe v0.2.1
   Compiling yansi v1.0.1
    Checking outref v0.5.2
    Checking dtoa v1.0.11
   Compiling oid-registry v0.7.1
    Checking hashbrown v0.14.5
    Checking utf8parse v0.2.2
   Compiling icu_plurals_data v2.2.0
    Checking vsimd v0.8.0
   Compiling chrono-tz-build v0.3.0
   Compiling ucd-trie v0.1.7
    Checking http-body v0.4.6
    Checking rustls-native-certs v0.8.3
    Checking unic-langid-macros v0.9.6
    Checking sea-query v1.0.2
    Checking anstyle-parse v1.0.0
    Checking base64urlsafedata v0.5.5
    Checking dlv-list v0.5.2
    Checking async-stream v0.3.6
   Compiling chrono-tz v0.9.0
    Checking base64-simd v0.8.0
   Compiling pest v2.8.6
    Checking rfc6979 v0.4.0
    Checking fdeflate v0.3.7
   Compiling onig_sys v69.9.3
    Checking bytes-utils v0.1.4
    Checking combine v4.6.7
    Checking signature v2.2.0
   Compiling indexmap v1.9.3
    Checking bstr v1.12.1
    Checking anstyle v1.0.14
   Compiling unicase v2.9.0
   Compiling icu_calendar_data v2.2.0
   Compiling icu_decimal_data v2.2.0
    Checking anstyle-query v1.1.5
    Checking pin-utils v0.1.0
    Checking pxfm v0.1.29
    Checking colorchoice v1.0.5
   Compiling unicode-xid v0.2.6
   Compiling webauthn-attestation-ca v0.5.5
    Checking is_terminal_polyfill v1.70.2
    Checking png v0.18.1
   Compiling mime_guess v2.0.5
    Checking globset v0.4.18
    Checking ecdsa v0.16.9
   Compiling prost-derive v0.13.5
    Checking aws-smithy-types v1.4.8
   Compiling derive_more-impl v2.1.1
    Checking anstream v1.0.0
   Compiling pest_meta v2.8.6
    Checking crossbeam-deque v0.8.6
   Compiling ouroboros_macro v0.18.5
    Checking ordered-multimap v0.7.3
    Checking unic-langid v0.9.6
    Checking primeorder v0.13.6
    Checking der-parser v9.0.0
    Checking sea-streamer-types v0.5.2
   Compiling pluralizer v0.5.0
   Compiling sea-bae v0.2.2
   Compiling sea-schema-derive v0.3.0
    Checking flume v0.11.1
   Compiling darling_core v0.23.0
    Checking sea-streamer-runtime v0.5.0
    Checking moxcms v0.8.1
    Checking fixed_decimal v0.7.2
    Checking half v2.7.1
    Checking aws-smithy-async v1.2.14
    Checking universal-hash v0.5.1
   Compiling pin-project-internal v1.1.13
   Compiling aws-smithy-runtime-api-macros v1.0.0
    Checking thread_local v1.1.9
   Compiling icu_list_data v2.2.0
    Checking aliasable v0.1.3
   Compiling prometheus-client v0.25.0
   Compiling icu_time_data v2.2.1
   Compiling webauthn-rs-core v0.5.5
    Checking hashbrown v0.12.3
    Checking opaque-debug v0.3.1
    Checking clap_lex v1.1.0
    Checking static_assertions v1.1.0
    Checking deunicode v1.6.2
   Compiling icu_casemap_data v2.2.0
    Checking byteorder-lite v0.1.0
    Checking icu_plurals v2.2.0
   Compiling darling_macro v0.23.0
    Checking aws-smithy-runtime-api v1.12.1
    Checking polyval v0.6.2
    Checking clap_builder v4.6.0
    Checking serde_cbor_2 v0.13.0
    Checking ouroboros v0.18.5
   Compiling sea-orm-macros v2.0.2
    Checking pin-project v1.1.13
    Checking x509-parser v0.16.0
    Checking image v0.25.10
    Checking p256 v0.13.2
    Checking mac_address v1.1.8
   Compiling pest_generator v2.8.6
    Checking rust-ini v0.21.3
    Checking redis v0.25.5
    Checking ignore v0.4.25
    Checking derive_more v2.1.1
    Checking prost v0.13.5
    Checking webauthn-rs-proto v0.5.5
   Compiling clap_derive v4.6.1
    Checking matchers v0.2.0
   Compiling derive_builder_core v0.20.2
    Checking sharded-slab v0.1.7
    Checking simple_asn1 v0.6.4
    Checking icu_pattern v0.4.2
    Checking calendrical_calculations v0.2.4
    Checking backon v1.6.0
    Checking tracing-serde v0.2.0
   Compiling prometheus-client-derive-encode v0.5.0
   Compiling derive-where v1.6.1
    Checking inout v0.2.2
    Checking tracing-log v0.2.0
   Compiling proc-macro-error-attr3 v3.1.1
    Checking pem v3.0.6
   Compiling icu_experimental_data v0.5.0
   Compiling jetscii v0.5.3
   Compiling entities v1.0.1
    Checking qrcodegen v1.8.0
    Checking nu-ansi-term v0.50.3
    Checking ixdtf v0.6.5
    Checking strum v0.28.0
   Compiling icu_datetime_data v2.2.0
    Checking spin v0.10.1
    Checking tracing-subscriber v0.3.23
    Checking jsonwebtoken v9.3.1
    Checking cipher v0.5.2
    Checking qrcodegen-image v1.5.1
    Checking icu_calendar v2.2.1
   Compiling proc-macro-error3 v3.1.1
   Compiling comrak v0.52.0
    Checking crc-fast v1.10.0
    Checking sea-streamer-redis v0.5.2
   Compiling derive_builder_macro v0.20.2
    Checking icu_decimal v2.2.0
    Checking clap v4.6.1
    Checking globwalk v0.9.1
   Compiling pest_derive v2.8.6
    Checking reqsign-aws-v4 v3.0.2 (https://github.com/apache/opendal-reqsign.git?rev=b49cd2996b9d2d9944e84481f8835ff55b188b97#b49cd299)
    Checking tower v0.4.13
    Checking ghash v0.5.1
    Checking slug v0.1.6
   Compiling darling v0.23.0
    Checking sea-streamer-stdio v0.5.0
    Checking dtoa-short v0.3.5
    Checking ctr v0.9.2
    Checking aes v0.8.4
    Checking blowfish v0.9.1
    Checking opendal-layer-observe-metrics-common v0.58.0 (https://github.com/eas4ai/opendal.git?rev=88717391eb72c9839d3f8e79fccad9f22fc3a1b4#88717391)
    Checking hkdf v0.12.4
   Compiling suprnova-macros v2.0.2 (/home/shawn/workspace2/suprnova/suprnova-macros)
    Checking reqsign-file-read-tokio v3.0.2 (https://github.com/apache/opendal-reqsign.git?rev=b49cd2996b9d2d9944e84481f8835ff55b188b97#b49cd299)
    Checking event-listener-strategy v0.5.4
    Checking password-hash v0.5.0
    Checking rustls-pemfile v2.2.0
    Checking hyper-timeout v0.5.2
    Checking tungstenite v0.29.0
    Checking xattr v1.6.1
    Checking tinystr v0.7.6
    Checking blake2 v0.10.6
    Checking aead v0.5.2
    Checking bincode v1.3.3
    Checking type-map v0.5.1
    Checking humansize v2.1.3
   Compiling iso_currency v0.5.3
    Checking socket2 v0.5.10
   Compiling multer v3.1.0
    Checking litemap v0.7.5
    Checking unicode-segmentation v1.13.2
    Checking base32 v0.5.1
   Compiling indoc v2.0.7
    Checking writeable v0.5.5
    Checking constant_time_eq v0.3.1
    Checking urlencoding v2.1.3
    Checking sea-orm-cli v2.0.2
    Checking intl-memoizer v0.5.3
    Checking tokio-tungstenite v0.29.0
    Checking opendal-service-fs v0.58.0 (https://github.com/eas4ai/opendal.git?rev=88717391eb72c9839d3f8e79fccad9f22fc3a1b4#88717391)
    Checking aes-gcm v0.10.3
    Checking argon2 v0.5.3
    Checking icu_locid v1.5.0
    Checking opendal-layer-prometheus-client v0.58.0 (https://github.com/eas4ai/opendal.git?rev=88717391eb72c9839d3f8e79fccad9f22fc3a1b4#88717391)
    Checking opendal-service-s3 v0.58.0 (https://github.com/eas4ai/opendal.git?rev=88717391eb72c9839d3f8e79fccad9f22fc3a1b4#88717391)
    Checking ece v2.3.1
    Checking async-lock v3.4.2
    Checking totp-rs v5.7.1
    Checking bcrypt v0.17.1
    Checking sea-streamer-socket v0.5.2
    Checking cssparser v0.37.0
    Checking icu_time v2.2.0
    Checking icu_list v2.2.0
    Checking icu_casemap v2.2.0
    Checking webauthn-rs v0.5.5
   Compiling validator_derive v0.20.1
    Checking derive_builder v0.20.2
    Checking blowfish v0.10.0
    Checking opendal-layer-retry v0.58.0 (https://github.com/eas4ai/opendal.git?rev=88717391eb72c9839d3f8e79fccad9f22fc3a1b4#88717391)
    Checking prost-types v0.13.5
    Checking aws-credential-types v1.2.14
    Checking aws-smithy-http v0.63.6
    Checking fluent-langneg v0.13.1
    Checking intl_pluralrules v7.0.2
    Checking opendal-layer-logging v0.58.0 (https://github.com/eas4ai/opendal.git?rev=88717391eb72c9839d3f8e79fccad9f22fc3a1b4#88717391)
    Checking opendal-layer-timeout v0.58.0 (https://github.com/eas4ai/opendal.git?rev=88717391eb72c9839d3f8e79fccad9f22fc3a1b4#88717391)
    Checking opendal-layer-tracing v0.58.0 (https://github.com/eas4ai/opendal.git?rev=88717391eb72c9839d3f8e79fccad9f22fc3a1b4#88717391)
    Checking oxideav-vp8 v0.2.6
    Checking caseless v0.2.2
   Compiling dummy v0.12.0
    Checking iso_country v0.1.4
    Checking num-rational v0.4.2
    Checking cfb v0.7.3
    Checking secrecy v0.10.3
    Checking fluent-syntax v0.12.0
    Checking email-encoding v0.4.1
    Checking hostname v0.4.2
    Checking nom v8.0.0
    Checking encoding_rs v0.8.35
    Checking inventory v0.3.24
    Checking finl_unicode v1.4.0
    Checking maplit v1.0.2
    Checking semver v1.0.28
    Checking arcstr v1.2.0
   Compiling target-triple v1.0.1
    Checking typed-arena v2.0.2
    Checking self_cell v1.3.0
    Checking email_address v0.2.9
    Checking quoted_printable v0.5.2
    Checking xxhash-rust v0.8.15
    Checking compcol v0.6.10
    Checking ammonia v4.1.4
    Checking fluent-bundle v0.16.0
    Checking featureflag v0.0.3
    Checking oxideav-webp v0.2.3
    Checking infer v0.19.0
    Checking redis v1.2.1
    Checking oxideav-png v0.1.8
    Checking opendal v0.58.0 (https://github.com/eas4ai/opendal.git?rev=88717391eb72c9839d3f8e79fccad9f22fc3a1b4#88717391)
    Checking icu_datetime v2.2.0
    Checking aws-sigv4 v1.4.4
    Checking fake v5.1.0
    Checking bcrypt v0.19.2
    Checking validator v0.20.0
    Checking sea-streamer v0.5.0
    Checking fluent-langneg v0.14.2
    Checking hyper-tungstenite v0.20.0
    Checking dashmap v6.2.1
    Checking oxideav-bmp v0.1.6
    Checking oxideav-mjpeg v0.1.8
    Checking oxideav-gif v0.0.11
    Checking oxideav-image-filter v0.1.2
    Checking oxideav-pixfmt v0.1.7
    Checking toml_parser v1.1.2+spec-1.1.0
    Checking envy v0.4.2
    Checking serde_spanned v1.1.1
    Checking toml_datetime v1.1.1+spec-1.1.0
    Checking toml_writer v1.1.1+spec-1.1.0
    Checking matchit v0.9.2
    Checking icu_experimental v0.5.0
    Checking termcolor v1.4.1
    Checking toml v1.1.2+spec-1.1.0
    Checking suprnova-live-macro-fixture v2.0.2 (/home/shawn/workspace2/suprnova/crates/suprnova-live/crates/suprnova-live-macro-fixture)
    Checking trybuild v1.0.120
    Checking tera v1.20.1
    Checking onig v6.5.3
    Checking syntect v5.3.0
    Checking rustls-webpki v0.103.15
    Checking sqlx-core v0.9.0
    Checking tokio-rustls v0.26.4
    Checking rustls-platform-verifier v0.7.0
    Checking hyper-rustls v0.27.9
    Checking tonic v0.12.3
    Checking lettre v0.11.22
    Checking reqwest v0.12.28
    Checking reqwest v0.13.4
    Checking sqlx-mysql v0.9.0
    Checking sqlx-sqlite v0.9.0
    Checking sqlx-postgres v0.9.0
    Checking suprnova-web-push v2.0.2 (/home/shawn/workspace2/suprnova/crates/suprnova-web-push)
    Checking apple v0.3.1 (https://github.com/eas4ai/suprnova-apple-rs.git?tag=v0.3.1#bc969e97)
    Checking qdrant-client v1.18.0
    Checking sqlx v0.9.0
    Checking sea-query-sqlx v0.9.1
    Checking sea-schema v0.18.1
    Checking sea-orm v2.0.2
    Checking suprnova-magnetar v2.0.2 (/home/shawn/workspace2/suprnova/crates/suprnova-magnetar)
    Checking sea-orm-migration v2.0.2
    Checking suprnova v2.0.2 (/home/shawn/workspace2/suprnova/framework)
    Finished `dev` profile [unoptimized + debuginfo] target(s) in 2m 18s
    Blocking waiting for file lock on build directory
   Compiling proc-macro2 v1.0.107
   Compiling unicode-ident v1.0.24
   Compiling quote v1.0.47
   Compiling memchr v2.8.3
   Compiling libc v0.2.189
   Compiling serde_core v1.0.229
   Compiling siphasher v1.0.3
    Checking cfg-if v1.0.4
   Compiling fastrand v2.5.0
   Compiling parking_lot_core v0.9.12
    Checking typenum v1.20.1
   Compiling serde v1.0.229
   Compiling libm v0.2.16
    Checking smallvec v1.15.2
    Checking itoa v1.0.18
    Checking scopeguard v1.2.0
    Checking cmov v0.5.4
   Compiling phf_shared v0.13.1
   Compiling zmij v1.0.23
    Checking new_debug_unreachable v1.0.6
    Checking lock_api v0.4.14
    Checking hybrid-array v0.4.14
   Compiling winnow v1.0.4
    Checking ctutils v0.4.2
    Checking const-oid v0.10.2
   Compiling phf_generator v0.13.1
   Compiling rustc-hash v2.1.3
    Checking parking_lot v0.12.5
   Compiling serde_json v1.0.151
    Checking precomputed-hash v0.1.1
   Compiling rustversion v1.0.23
    Checking crypto-common v0.2.2
    Checking phf v0.13.1
   Compiling glob v0.3.4
   Compiling basic-toml v0.1.10
   Compiling phf_codegen v0.13.1
    Checking equivalent v1.0.2
    Checking allocator-api2 v0.2.21
    Checking foldhash v0.1.5
    Checking core_maths v0.1.1
    Checking string_cache v0.9.0
    Checking tendril v0.5.1
   Compiling aho-corasick v1.1.5
   Compiling regex-syntax v0.8.11
    Checking log v0.4.34
    Checking ttf-parser v0.25.1
   Compiling getrandom v0.4.3
    Checking powerfmt v0.2.0
   Compiling thiserror v2.0.20
    Checking arc-swap v1.9.2
    Checking hashbrown v0.15.5
   Compiling syn v3.0.4
   Compiling syn v2.0.119
   Compiling string_cache_codegen v0.6.1
    Checking deranged v0.5.8
    Checking percent-encoding v2.3.2
    Checking bytes v1.11.1
    Checking num-conv v0.2.2
    Checking fontdue v0.9.4
   Compiling web_atoms v0.2.6
    Checking ryu-js v1.0.3
    Checking cpufeatures v0.3.1
    Checking time-core v0.1.8
    Checking http v1.4.1
    Checking askama_parser v0.16.0
    Checking uuid v1.23.1
   Compiling regex-automata v0.4.18
    Checking imagesize v0.15.0
    Checking base64 v0.22.1
    Checking time v0.3.47
    Checking markup5ever v0.39.0
   Compiling serde_derive v1.0.229
   Compiling thiserror-impl v2.0.20
   Compiling async-trait v0.1.92
   Compiling zeroize_derive v1.5.0
    Checking zeroize v1.9.0
    Checking html5ever v0.39.0
    Checking block-buffer v0.12.1
    Checking digest v0.11.3
   Compiling regex v1.13.1
    Checking charts-rs v1.0.0
    Checking serde_json_canonicalizer v0.3.2
    Checking hmac v0.13.0
    Checking sha2 v0.11.0
   Compiling suprnova-macros v2.0.2 (/home/shawn/workspace2/suprnova/suprnova-macros)
    Checking hkdf v0.13.0
   Compiling askama_derive v0.16.0
   Compiling askama_macros v0.16.0
    Checking askama v0.16.0
    Checking suprnova-live v2.0.2 (/home/shawn/workspace2/suprnova/crates/suprnova-live)
    Checking suprnova-live-macro-fixture v2.0.2 (/home/shawn/workspace2/suprnova/crates/suprnova-live/crates/suprnova-live-macro-fixture)
    Checking suprnova-live-compile-1 v0.0.0 (/home/shawn/workspace2/suprnova/crates/suprnova-live/tests/fixtures/compile/1-component)
    Checking suprnova-live-compile-100 v0.0.0 (/home/shawn/workspace2/suprnova/crates/suprnova-live/tests/fixtures/compile/100-component)
    Checking suprnova-live-compile-10 v0.0.0 (/home/shawn/workspace2/suprnova/crates/suprnova-live/tests/fixtures/compile/10-component)
    Finished `dev` profile [unoptimized + debuginfo] target(s) in 21.18s
   Compiling proc-macro2 v1.0.107
   Compiling unicode-ident v1.0.24
   Compiling quote v1.0.47
   Compiling libc v0.2.189
   Compiling siphasher v1.0.3
   Compiling serde_core v1.0.229
   Compiling fastrand v2.5.0
   Compiling cfg-if v1.0.4
   Compiling typenum v1.20.1
   Compiling parking_lot_core v0.9.12
   Compiling serde v1.0.229
   Compiling itoa v1.0.18
   Compiling smallvec v1.15.2
   Compiling scopeguard v1.2.0
   Compiling libm v0.2.16
   Compiling cmov v0.5.4
   Compiling zmij v1.0.23
   Compiling phf_shared v0.13.1
   Compiling lock_api v0.4.14
   Compiling new_debug_unreachable v1.0.6
   Compiling memchr v2.8.3
   Compiling hybrid-array v0.4.14
   Compiling ctutils v0.4.2
   Compiling phf_generator v0.13.1
   Compiling crypto-common v0.2.2
   Compiling syn v3.0.3
   Compiling syn v2.0.119
   Compiling winnow v1.0.4
   Compiling rustc-hash v2.1.3
   Compiling const-oid v0.10.2
   Compiling parking_lot v0.12.5
   Compiling string_cache_codegen v0.6.1
   Compiling phf_codegen v0.13.1
   Compiling precomputed-hash v0.1.1
   Compiling rustversion v1.0.23
   Compiling serde_json v1.0.151
   Compiling basic-toml v0.1.10
   Compiling phf v0.13.1
   Compiling jobserver v0.1.35
   Compiling find-msvc-tools v0.1.11
   Compiling foldhash v0.1.5
   Compiling web_atoms v0.2.6
   Compiling core_maths v0.1.1
   Compiling equivalent v1.0.2
   Compiling glob v0.3.4
   Compiling string_cache v0.9.0
   Compiling shlex v2.0.1
   Compiling allocator-api2 v0.2.21
   Compiling tendril v0.5.1
   Compiling getrandom v0.4.3
   Compiling powerfmt v0.2.0
   Compiling thiserror v2.0.20
   Compiling log v0.4.33
   Compiling ttf-parser v0.25.1
   Compiling cc v1.4.4
   Compiling arc-swap v1.9.2
   Compiling hashbrown v0.15.5
   Compiling deranged v0.5.8
   Compiling bytes v1.11.1
   Compiling serde_derive v1.0.229
   Compiling thiserror-impl v2.0.20
   Compiling percent-encoding v2.3.2
   Compiling cpufeatures v0.3.0
   Compiling zeroize_derive v1.5.0
   Compiling ryu-js v1.0.3
   Compiling libfuzzer-sys v0.4.10
   Compiling zeroize v1.9.0
   Compiling time-core v0.1.8
   Compiling num-conv v0.2.2
   Compiling askama_parser v0.16.0
   Compiling block-buffer v0.12.1
   Compiling http v1.4.1
   Compiling markup5ever v0.39.0
   Compiling async-trait v0.1.92
   Compiling uuid v1.23.1
   Compiling time v0.3.47
   Compiling digest v0.11.3
   Compiling imagesize v0.15.0
   Compiling serde_json_canonicalizer v0.3.2
   Compiling html5ever v0.39.0
   Compiling base64 v0.22.1
   Compiling arbitrary v1.4.2
   Compiling hmac v0.13.0
   Compiling sha2 v0.11.0
   Compiling fontdue v0.9.4
   Compiling askama_derive v0.16.0
   Compiling hkdf v0.13.0
   Compiling charts-rs v1.0.0
   Compiling askama_macros v0.16.0
   Compiling askama v0.16.0
   Compiling suprnova-live v2.0.2 (/home/shawn/workspace2/suprnova/crates/suprnova-live)
   Compiling suprnova-live-fuzz v0.0.0 (/home/shawn/workspace2/suprnova/crates/suprnova-live/fuzz)
    Finished `release` profile [optimized + debuginfo] target(s) in 1m 21s
   Compiling suprnova-live v2.0.2 (/home/shawn/workspace2/suprnova/crates/suprnova-live)
   Compiling suprnova-live-test-support v2.0.2 (/home/shawn/workspace2/suprnova/crates/suprnova-live/crates/suprnova-live-test-support)
    Finished `test` profile [unoptimized + debuginfo] target(s) in 11.91s
     Running tests/reference_host.rs (/home/shawn/workspace2/scratchpads/suprnova-target/debug/deps/reference_host-8828a016481a9b71)
   Compiling suprnova-live v2.0.2 (/home/shawn/workspace2/suprnova/crates/suprnova-live)
   Compiling suprnova v2.0.2 (/home/shawn/workspace2/suprnova/framework)
   Compiling suprnova-live-test-support v2.0.2 (/home/shawn/workspace2/suprnova/crates/suprnova-live/crates/suprnova-live-test-support)
   Compiling suprnova-live-macro-fixture v2.0.2 (/home/shawn/workspace2/suprnova/crates/suprnova-live/crates/suprnova-live-macro-fixture)
   Compiling suprnova-macros v2.0.2 (/home/shawn/workspace2/suprnova/suprnova-macros)
    Finished `test` profile [unoptimized + debuginfo] target(s) in 16.84s
     Running unittests src/lib.rs (/home/shawn/workspace2/scratchpads/suprnova-target/debug/deps/suprnova_live-a1aadb82fa3c5df6)
     Running tests/action_dispatch.rs (/home/shawn/workspace2/scratchpads/suprnova-target/debug/deps/action_dispatch-5785259873c1bf91)
     Running tests/action_outcomes.rs (/home/shawn/workspace2/scratchpads/suprnova-target/debug/deps/action_outcomes-bfaa6a789397a9b5)
     Running tests/async_authorization.rs (/home/shawn/workspace2/scratchpads/suprnova-target/debug/deps/async_authorization-d4fb488703e0e515)
     Running tests/async_backpressure.rs (/home/shawn/workspace2/scratchpads/suprnova-target/debug/deps/async_backpressure-6171f5d8af80f9b1)
     Running tests/async_budget_contract.rs (/home/shawn/workspace2/scratchpads/suprnova-target/debug/deps/async_budget_contract-120a5f9cd7ac19db)
     Running tests/async_envelope.rs (/home/shawn/workspace2/scratchpads/suprnova-target/debug/deps/async_envelope-8a1718f9ebc4d5f7)
     Running tests/async_metadata.rs (/home/shawn/workspace2/scratchpads/suprnova-target/debug/deps/async_metadata-89b3a6a2e84b887c)
     Running tests/async_security.rs (/home/shawn/workspace2/scratchpads/suprnova-target/debug/deps/async_security-a0a6d58f16439250)
     Running tests/async_subscription.rs (/home/shawn/workspace2/scratchpads/suprnova-target/debug/deps/async_subscription-a5d904a1df8581cd)
     Running tests/async_transport_conformance.rs (/home/shawn/workspace2/scratchpads/suprnova-target/debug/deps/async_transport_conformance-975e402f4e706961)
     Running tests/benchmark_contract.rs (/home/shawn/workspace2/scratchpads/suprnova-target/debug/deps/benchmark_contract-bbb4349a12cc5556)
     Running tests/binding_metadata.rs (/home/shawn/workspace2/scratchpads/suprnova-target/debug/deps/binding_metadata-b824ddffe2bf7621)
     Running tests/browser_contract_properties.rs (/home/shawn/workspace2/scratchpads/suprnova-target/debug/deps/browser_contract_properties-0b9ddf9accf130a5)
     Running tests/browser_render_context.rs (/home/shawn/workspace2/scratchpads/suprnova-target/debug/deps/browser_render_context-e270701fac731ea6)
     Running tests/canonical_contract.rs (/home/shawn/workspace2/scratchpads/suprnova-target/debug/deps/canonical_contract-4fb8f08489ab9214)
     Running tests/canonical_properties.rs (/home/shawn/workspace2/scratchpads/suprnova-target/debug/deps/canonical_properties-5adb3e5e8c96c2d5)
     Running tests/checker_negative.rs (/home/shawn/workspace2/scratchpads/suprnova-target/debug/deps/checker_negative-a31cd03a446b83ac)
     Running tests/checker_positive.rs (/home/shawn/workspace2/scratchpads/suprnova-target/debug/deps/checker_positive-682750b89b638d44)
     Running tests/checker_regressions.rs (/home/shawn/workspace2/scratchpads/suprnova-target/debug/deps/checker_regressions-2ba4a06e1292f83a)
     Running tests/child_parameter_envelope.rs (/home/shawn/workspace2/scratchpads/suprnova-target/debug/deps/child_parameter_envelope-b5de4c7b183adf35)
     Running tests/child_parameter_properties.rs (/home/shawn/workspace2/scratchpads/suprnova-target/debug/deps/child_parameter_properties-a36d83614da538c6)
     Running tests/child_parameter_support.rs (/home/shawn/workspace2/scratchpads/suprnova-target/debug/deps/child_parameter_support-13786258b0f8c5c8)
     Running tests/child_parameter_tampering.rs (/home/shawn/workspace2/scratchpads/suprnova-target/debug/deps/child_parameter_tampering-942c508159dbbdb0)
     Running tests/child_parameter_v2.rs (/home/shawn/workspace2/scratchpads/suprnova-target/debug/deps/child_parameter_v2-97cc9c604b9046ff)
     Running tests/compatibility.rs (/home/shawn/workspace2/scratchpads/suprnova-target/debug/deps/compatibility-921af4e915a69b2c)
     Running tests/component_harness.rs (/home/shawn/workspace2/scratchpads/suprnova-target/debug/deps/component_harness-6c33e289e9666303)
     Running tests/component_support.rs (/home/shawn/workspace2/scratchpads/suprnova-target/debug/deps/component_support-cf47cbdb5b5eddfd)
     Running tests/composition.rs (/home/shawn/workspace2/scratchpads/suprnova-target/debug/deps/composition-9a3ae931f901006b)
     Running tests/crypto_contract.rs (/home/shawn/workspace2/scratchpads/suprnova-target/debug/deps/crypto_contract-17d786a63e91e9b0)
     Running tests/crypto_rfc_vectors.rs (/home/shawn/workspace2/scratchpads/suprnova-target/debug/deps/crypto_rfc_vectors-a44c5140c2fdd8a6)
     Running tests/document_render.rs (/home/shawn/workspace2/scratchpads/suprnova-target/debug/deps/document_render-eba03b939684acad)
     Running tests/endpoint_contract.rs (/home/shawn/workspace2/scratchpads/suprnova-target/debug/deps/endpoint_contract-365a83861c52bdab)
     Running tests/endpoint_duplicates.rs (/home/shawn/workspace2/scratchpads/suprnova-target/debug/deps/endpoint_duplicates-3aaf007ca250b8d7)
     Running tests/endpoint_failures.rs (/home/shawn/workspace2/scratchpads/suprnova-target/debug/deps/endpoint_failures-bae7e2c5fc1cd6bc)
     Running tests/endpoint_navigation_target.rs (/home/shawn/workspace2/scratchpads/suprnova-target/debug/deps/endpoint_navigation_target-af3100d9107bd320)
     Running tests/error_redaction.rs (/home/shawn/workspace2/scratchpads/suprnova-target/debug/deps/error_redaction-b267da462d0d1920)
     Running tests/execution_concurrency.rs (/home/shawn/workspace2/scratchpads/suprnova-target/debug/deps/execution_concurrency-1293ea9e14db5f1b)
     Running tests/execution_fault_matrix.rs (/home/shawn/workspace2/scratchpads/suprnova-target/debug/deps/execution_fault_matrix-708d33572426a31a)
     Running tests/execution_order.rs (/home/shawn/workspace2/scratchpads/suprnova-target/debug/deps/execution_order-4967cae0593cb889)
     Running tests/fuzz_regressions.rs (/home/shawn/workspace2/scratchpads/suprnova-target/debug/deps/fuzz_regressions-6b100a5848551957)
     Running tests/golden_fixtures.rs (/home/shawn/workspace2/scratchpads/suprnova-target/debug/deps/golden_fixtures-fb345e2e9ee7907e)
     Running tests/hostile_adapter.rs (/home/shawn/workspace2/scratchpads/suprnova-target/debug/deps/hostile_adapter-acf52d573f3d434e)
     Running tests/idempotency_digest.rs (/home/shawn/workspace2/scratchpads/suprnova-target/debug/deps/idempotency_digest-8fa70dd5411faa40)
     Running tests/initial_mount.rs (/home/shawn/workspace2/scratchpads/suprnova-target/debug/deps/initial_mount-5344338d780190f6)
     Running tests/initial_mount_failures.rs (/home/shawn/workspace2/scratchpads/suprnova-target/debug/deps/initial_mount_failures-5c97983524a0a064)
     Running tests/integrated_workspace.rs (/home/shawn/workspace2/scratchpads/suprnova-target/debug/deps/integrated_workspace-a2c572b27049989c)
     Running tests/island_render.rs (/home/shawn/workspace2/scratchpads/suprnova-target/debug/deps/island_render-bc0a44284af4ac78)
     Running tests/iteration_004_adversarial.rs (/home/shawn/workspace2/scratchpads/suprnova-target/debug/deps/iteration_004_adversarial-5115f1f0b95aad16)
     Running tests/iteration_004_conformance.rs (/home/shawn/workspace2/scratchpads/suprnova-target/debug/deps/iteration_004_conformance-b9dbe1b2a74f633e)
     Running tests/iteration_004_exhaustion.rs (/home/shawn/workspace2/scratchpads/suprnova-target/debug/deps/iteration_004_exhaustion-e1e348dc77acd6be)
     Running tests/lazy_components.rs (/home/shawn/workspace2/scratchpads/suprnova-target/debug/deps/lazy_components-f1f5a817a15ecd69)
     Running tests/ledger_claims.rs (/home/shawn/workspace2/scratchpads/suprnova-target/debug/deps/ledger_claims-b6264ad045ff3e8e)
     Running tests/ledger_concurrency.rs (/home/shawn/workspace2/scratchpads/suprnova-target/debug/deps/ledger_concurrency-70ca9cc9d0c6543c)
     Running tests/ledger_distributed.rs (/home/shawn/workspace2/scratchpads/suprnova-target/debug/deps/ledger_distributed-cabbf7583d4828a5)
     Running tests/ledger_expiry.rs (/home/shawn/workspace2/scratchpads/suprnova-target/debug/deps/ledger_expiry-176a61eb9312f5a5)
     Running tests/ledger_mounts.rs (/home/shawn/workspace2/scratchpads/suprnova-target/debug/deps/ledger_mounts-2fd9b0a2ebfce03d)
     Running tests/ledger_record.rs (/home/shawn/workspace2/scratchpads/suprnova-target/debug/deps/ledger_record-b1a916f195d0955f)
     Running tests/ledger_support.rs (/home/shawn/workspace2/scratchpads/suprnova-target/debug/deps/ledger_support-7d01900d3c76483a)
     Running tests/lifecycle_failures.rs (/home/shawn/workspace2/scratchpads/suprnova-target/debug/deps/lifecycle_failures-ceaefbb1cb17e26a)
     Running tests/lifecycle_order.rs (/home/shawn/workspace2/scratchpads/suprnova-target/debug/deps/lifecycle_order-d2e001ea1375cd2d)
     Running tests/metadata_contract.rs (/home/shawn/workspace2/scratchpads/suprnova-target/debug/deps/metadata_contract-5775d9f46518bd8d)
     Running tests/model_binding.rs (/home/shawn/workspace2/scratchpads/suprnova-target/debug/deps/model_binding-9d2d72e082aeb508)
     Running tests/model_binding_properties.rs (/home/shawn/workspace2/scratchpads/suprnova-target/debug/deps/model_binding_properties-4f654b15c39003e7)
     Running tests/mounted_document_path.rs (/home/shawn/workspace2/scratchpads/suprnova-target/debug/deps/mounted_document_path-d2b6351f9f2e2086)
     Running tests/parser_properties.rs (/home/shawn/workspace2/scratchpads/suprnova-target/debug/deps/parser_properties-a8bc4b0aa31299d8)
     Running tests/promotion_support.rs (/home/shawn/workspace2/scratchpads/suprnova-target/debug/deps/promotion_support-1c571bc40f697b75)
     Running tests/protocol_support.rs (/home/shawn/workspace2/scratchpads/suprnova-target/debug/deps/protocol_support-31e196d24c80762c)
     Running tests/protocol_v2.rs (/home/shawn/workspace2/scratchpads/suprnova-target/debug/deps/protocol_v2-4249831030c8f364)
     Running tests/public_seed_mount.rs (/home/shawn/workspace2/scratchpads/suprnova-target/debug/deps/public_seed_mount-a7f766a0a5b5c5de)
     Running tests/registry_contract.rs (/home/shawn/workspace2/scratchpads/suprnova-target/debug/deps/registry_contract-4c99f0d11b1a6dcb)
     Running tests/render_cache_coherence.rs (/home/shawn/workspace2/scratchpads/suprnova-target/debug/deps/render_cache_coherence-0c808232f0058614)
     Running tests/render_cache_entry.rs (/home/shawn/workspace2/scratchpads/suprnova-target/debug/deps/render_cache_entry-294b8dd8ab4d9b7f)
     Running tests/render_cache_generation.rs (/home/shawn/workspace2/scratchpads/suprnova-target/debug/deps/render_cache_generation-f233a2ddd28b3b52)
     Running tests/render_cache_hot.rs (/home/shawn/workspace2/scratchpads/suprnova-target/debug/deps/render_cache_hot-0c296946d548e75d)
     Running tests/render_cache_key.rs (/home/shawn/workspace2/scratchpads/suprnova-target/debug/deps/render_cache_key-8c1bc908d67c5b71)
     Running tests/render_cache_lease.rs (/home/shawn/workspace2/scratchpads/suprnova-target/debug/deps/render_cache_lease-9050bc4ba7cc5f54)
     Running tests/render_cache_policy.rs (/home/shawn/workspace2/scratchpads/suprnova-target/debug/deps/render_cache_policy-af6456b3e0868eda)
     Running tests/render_cache_singleflight.rs (/home/shawn/workspace2/scratchpads/suprnova-target/debug/deps/render_cache_singleflight-ea4e8c0440bf9f98)
     Running tests/render_cache_store.rs (/home/shawn/workspace2/scratchpads/suprnova-target/debug/deps/render_cache_store-ebf2f1fd48095953)
     Running tests/render_cache_store_conformance.rs (/home/shawn/workspace2/scratchpads/suprnova-target/debug/deps/render_cache_store_conformance-53b75383da7cdc28)
     Running tests/render_cache_variance.rs (/home/shawn/workspace2/scratchpads/suprnova-target/debug/deps/render_cache_variance-3367d3edc0417367)
     Running tests/request_protocol.rs (/home/shawn/workspace2/scratchpads/suprnova-target/debug/deps/request_protocol-8df187c2b67f1043)
     Running tests/resource_foundation.rs (/home/shawn/workspace2/scratchpads/suprnova-target/debug/deps/resource_foundation-49485396847832a2)
     Running tests/response_ordering.rs (/home/shawn/workspace2/scratchpads/suprnova-target/debug/deps/response_ordering-639b7e77a14b5f5b)
     Running tests/response_protocol.rs (/home/shawn/workspace2/scratchpads/suprnova-target/debug/deps/response_protocol-fdad09b863b456d4)
     Running tests/runtime_artifacts.rs (/home/shawn/workspace2/scratchpads/suprnova-target/debug/deps/runtime_artifacts-3090daca9f4e6c79)
     Running tests/security_boundaries.rs (/home/shawn/workspace2/scratchpads/suprnova-target/debug/deps/security_boundaries-f01910ed038365cd)
     Running tests/security_hostile_context.rs (/home/shawn/workspace2/scratchpads/suprnova-target/debug/deps/security_hostile_context-2eba17f743f9226f)
     Running tests/seed_promotion.rs (/home/shawn/workspace2/scratchpads/suprnova-target/debug/deps/seed_promotion-22daa4e2a3491620)
     Running tests/seed_promotion_concurrency.rs (/home/shawn/workspace2/scratchpads/suprnova-target/debug/deps/seed_promotion_concurrency-a19c29902f713eba)
     Running tests/seed_promotion_limits.rs (/home/shawn/workspace2/scratchpads/suprnova-target/debug/deps/seed_promotion_limits-677172f2be883b65)
     Running tests/snapshot_composition.rs (/home/shawn/workspace2/scratchpads/suprnova-target/debug/deps/snapshot_composition-ea68672b3f4cdd54)
     Running tests/snapshot_schema.rs (/home/shawn/workspace2/scratchpads/suprnova-target/debug/deps/snapshot_schema-229e215dbc1bc5fc)
     Running tests/snapshot_state.rs (/home/shawn/workspace2/scratchpads/suprnova-target/debug/deps/snapshot_state-64e89ce98cb2dd6f)
     Running tests/snapshot_support.rs (/home/shawn/workspace2/scratchpads/suprnova-target/debug/deps/snapshot_support-2e398477ba08b7e5)
     Running tests/snapshot_tampering.rs (/home/shawn/workspace2/scratchpads/suprnova-target/debug/deps/snapshot_tampering-c60dabb9d95d6d68)
     Running tests/state_categories.rs (/home/shawn/workspace2/scratchpads/suprnova-target/debug/deps/state_categories-e7d2a7fc0244017a)
     Running tests/successor_island_render.rs (/home/shawn/workspace2/scratchpads/suprnova-target/debug/deps/successor_island_render-468d82312708cff7)
     Running tests/trusted_context.rs (/home/shawn/workspace2/scratchpads/suprnova-target/debug/deps/trusted_context-f98067c443cec9bb)
     Running tests/trusted_markup.rs (/home/shawn/workspace2/scratchpads/suprnova-target/debug/deps/trusted_markup-7fc96ec73e17d9cd)
     Running tests/upload_budget_contract.rs (/home/shawn/workspace2/scratchpads/suprnova-target/debug/deps/upload_budget_contract-c77d28cac192d9ad)
     Running tests/upload_cleanup.rs (/home/shawn/workspace2/scratchpads/suprnova-target/debug/deps/upload_cleanup-a7f527f21ffe4640)
     Running tests/upload_direct_provider.rs (/home/shawn/workspace2/scratchpads/suprnova-target/debug/deps/upload_direct_provider-0a6d0be3fe20f5ca)
     Running tests/upload_file_provider.rs (/home/shawn/workspace2/scratchpads/suprnova-target/debug/deps/upload_file_provider-2b45e0db0035e40f)
error: test failed, to rerun pass `-p suprnova-live --test upload_file_provider`
     Running tests/upload_finalization.rs (/home/shawn/workspace2/scratchpads/suprnova-target/debug/deps/upload_finalization-0f27b0d2625f6edd)
     Running tests/upload_framework_budget_integrity.rs (/home/shawn/workspace2/scratchpads/suprnova-target/debug/deps/upload_framework_budget_integrity-9bca47b8947feb29)
     Running tests/upload_identity.rs (/home/shawn/workspace2/scratchpads/suprnova-target/debug/deps/upload_identity-7b589b8a354d52d8)
     Running tests/upload_protocol.rs (/home/shawn/workspace2/scratchpads/suprnova-target/debug/deps/upload_protocol-806c611813c918e0)
     Running tests/upload_security.rs (/home/shawn/workspace2/scratchpads/suprnova-target/debug/deps/upload_security-0c5550237d26dab5)
     Running tests/upload_service.rs (/home/shawn/workspace2/scratchpads/suprnova-target/debug/deps/upload_service-f9a682fd42244e92)
     Running tests/upload_state.rs (/home/shawn/workspace2/scratchpads/suprnova-target/debug/deps/upload_state-502fc952d40ca6f6)
     Running tests/upload_validation.rs (/home/shawn/workspace2/scratchpads/suprnova-target/debug/deps/upload_validation-587a696ea39db0e7)
     Running tests/validation.rs (/home/shawn/workspace2/scratchpads/suprnova-target/debug/deps/validation-6eb486db27f9ec2c)
     Running tests/view_charts.rs (/home/shawn/workspace2/scratchpads/suprnova-target/debug/deps/view_charts-6df042a8081bb722)
     Running tests/view_contract.rs (/home/shawn/workspace2/scratchpads/suprnova-target/debug/deps/view_contract-78419d1d01c65168)
     Running tests/view_escaping.rs (/home/shawn/workspace2/scratchpads/suprnova-target/debug/deps/view_escaping-409b8abccd60fbdc)
     Running tests/view_live_key.rs (/home/shawn/workspace2/scratchpads/suprnova-target/debug/deps/view_live_key-ad60fea8a3fb936d)
     Running tests/workspace_contract.rs (/home/shawn/workspace2/scratchpads/suprnova-target/debug/deps/workspace_contract-95e9962d531b4a8c)
     Running benches/action_framework_budget.rs (/home/shawn/workspace2/scratchpads/suprnova-target/debug/deps/action_framework_budget-9e1304f5c041b8ce)
     Running benches/async_framework_budget.rs (/home/shawn/workspace2/scratchpads/suprnova-target/debug/deps/async_framework_budget-52a8073077564894)
     Running benches/render_cache_budget.rs (/home/shawn/workspace2/scratchpads/suprnova-target/debug/deps/render_cache_budget-abccc1f2b8b0b17b)
     Running benches/snapshot_budget.rs (/home/shawn/workspace2/scratchpads/suprnova-target/debug/deps/snapshot_budget-40a5f5c02f159ffd)
     Running benches/upload_framework_budget.rs (/home/shawn/workspace2/scratchpads/suprnova-target/debug/deps/upload_framework_budget-f95fa1727f849550)
     Running unittests src/lib.rs (/home/shawn/workspace2/scratchpads/suprnova-target/debug/deps/suprnova_live_macro_fixture-b76e15a799873031)
     Running unittests src/lib.rs (/home/shawn/workspace2/scratchpads/suprnova-target/debug/deps/suprnova_live_test_support-4c185e77ce9339d1)
     Running unittests src/bin/async-reference-host.rs (/home/shawn/workspace2/scratchpads/suprnova-target/debug/deps/async_reference_host-69dc542fbc653299)
     Running unittests src/bin/correctness-delay-rust-parser.rs (/home/shawn/workspace2/scratchpads/suprnova-target/debug/deps/correctness_delay_rust_parser-cae08ba13e9253df)
     Running unittests src/bin/suprnova-live-reference-host.rs (/home/shawn/workspace2/scratchpads/suprnova-target/debug/deps/suprnova_live_reference_host-7650fcf71d50b18e)
     Running tests/reference_host.rs (/home/shawn/workspace2/scratchpads/suprnova-target/debug/deps/reference_host-5c1b67fa59854298)
     Running unittests src/lib.rs (/home/shawn/workspace2/scratchpads/suprnova-target/debug/deps/suprnova_macros-5921c2880cc6e39f)
     Running tests/data_derive.rs (/home/shawn/workspace2/scratchpads/suprnova-target/debug/deps/data_derive-c2264d95cbcaf82d)
     Running tests/live_ui.rs (/home/shawn/workspace2/scratchpads/suprnova-target/debug/deps/live_ui-0839ce93725bc0e6)
   Compiling suprnova-live v2.0.2 (/home/shawn/workspace2/suprnova/crates/suprnova-live)
   Compiling suprnova v2.0.2 (/home/shawn/workspace2/suprnova/framework)
   Compiling suprnova-macros-tests v0.0.0 (/home/shawn/workspace2/scratchpads/suprnova-target/tests/trybuild/suprnova-macros)
    Finished `dev` profile [unoptimized + debuginfo] target(s) in 3.77s


test [0m[1mtests/ui/live/pass/all_metadata.rs[0m [should pass] ... [0m[32mok
[0mtest [0m[1mtests/ui/live/pass/minimal.rs[0m [should pass] ... [0m[32mok
[0mtest [0m[1mtests/ui/live/pass/streams.rs[0m [should pass] ... [0m[32mok
[0mtest [0m[1mtests/ui/live/pass/upload_policy.rs[0m [should pass] ... [0m[32mok
[0mtest [0m[1mtests/ui/live/fail/conflicting_model_timing.rs[0m [should fail to compile] ... [0m[32mok
[0mtest [0m[1mtests/ui/live/fail/duplicate_action_name.rs[0m [should fail to compile] ... [0m[32mok
[0mtest [0m[1mtests/ui/live/fail/duplicate_struct_helper.rs[0m [should fail to compile] ... [0m[32mok
[0mtest [0m[1mtests/ui/live/fail/duplicate_url_query.rs[0m [should fail to compile] ... [0m[32mok
[0mtest [0m[1mtests/ui/live/fail/event_payload_contract.rs[0m [should fail to compile] ... [0m[32mok
[0mtest [0m[1mtests/ui/live/fail/generic_component.rs[0m [should fail to compile] ... [0m[32mok
[0mtest [0m[1mtests/ui/live/fail/invalid_action_signature.rs[0m [should fail to compile] ... [0m[32mok
[0mtest [0m[1mtests/ui/live/fail/invalid_debounce.rs[0m [should fail to compile] ... [0m[32mok
[0mtest [0m[1mtests/ui/live/fail/invalid_name.rs[0m [should fail to compile] ... [0m[32mok
[0mtest [0m[1mtests/ui/live/fail/invalid_version.rs[0m [should fail to compile] ... [0m[32mok
[0mtest [0m[1mtests/ui/live/fail/misplaced_helper.rs[0m [should fail to compile] ... [0m[32mok
[0mtest [0m[1mtests/ui/live/fail/model_locked.rs[0m [should fail to compile] ... [0m[32mok
[0mtest [0m[1mtests/ui/live/fail/mount_destructured_parameter.rs[0m [should fail to compile] ... [0m[32mok
[0mtest [0m[1mtests/ui/live/fail/mount_reference_parameter.rs[0m [should fail to compile] ... [0m[32mok
[0mtest [0m[1mtests/ui/live/fail/no_zero_input_verified_context.rs[0m [should fail to compile] ... [0m[32mok
[0mtest [0m[1mtests/ui/live/fail/private_action.rs[0m [should fail to compile] ... [0m[32mok
[0mtest [0m[1mtests/ui/live/fail/private_component.rs[0m [should fail to compile] ... [0m[32mok
[0mtest [0m[1mtests/ui/live/fail/reference_state.rs[0m [should fail to compile] ... [0m[32mok
[0mtest [0m[1mtests/ui/live/fail/refresh_requires_v2.rs[0m [should fail to compile] ... [0m[32mok
[0mtest [0m[1mtests/ui/live/fail/secret_url.rs[0m [should fail to compile] ... [0m[32mok
[0mtest [0m[1mtests/ui/live/fail/server_only_url.rs[0m [should fail to compile] ... [0m[32mok
[0mtest [0m[1mtests/ui/live/fail/session_dehydrated.rs[0m [should fail to compile] ... [0m[32mok
[0mtest [0m[1mtests/ui/live/fail/stream_duplicate_event.rs[0m [should fail to compile] ... [0m[32mok
[0mtest [0m[1mtests/ui/live/fail/stream_invalid_mode.rs[0m [should fail to compile] ... [0m[32mok
[0mtest [0m[1mtests/ui/live/fail/stream_requires_v2.rs[0m [should fail to compile] ... [0m[32mok
[0mtest [0m[1mtests/ui/live/fail/stream_unknown_helper.rs[0m [should fail to compile] ... [0m[32mok
[0mtest [0m[1mtests/ui/live/fail/transient_url.rs[0m [should fail to compile] ... [0m[32mok
[0mtest [0m[1mtests/ui/live/fail/transient_without_model.rs[0m [should fail to compile] ... [0m[32mok
[0mtest [0m[1mtests/ui/live/fail/unknown_method_helper.rs[0m [should fail to compile] ... [0m[32mok
[0mtest [0m[1mtests/ui/live/fail/unknown_struct_helper.rs[0m [should fail to compile] ... [0m[32mok
[0mtest [0m[1mtests/ui/live/fail/unlisted_model_debounce.rs[0m [should fail to compile] ... [0m[32mok
[0mtest [0m[1mtests/ui/live/fail/unsupported_protocol.rs[0m [should fail to compile] ... [0m[32mok
[0mtest [0m[1mtests/ui/live/fail/unsupported_url_codec.rs[0m [should fail to compile] ... [0m[32mok
[0mtest [0m[1mtests/ui/live/fail/upload_duplicate_helper.rs[0m [should fail to compile] ... [0m[32mok
[0mtest [0m[1mtests/ui/live/fail/upload_misplaced_helper.rs[0m [should fail to compile] ... [0m[32mok
[0mtest [0m[1mtests/ui/live/fail/upload_non_model.rs[0m [should fail to compile] ... [0m[32mok
[0mtest [0m[1mtests/ui/live/fail/upload_policy_return.rs[0m [should fail to compile] ... [0m[32mok
[0mtest [0m[1mtests/ui/live/fail/upload_policy_signature.rs[0m [should fail to compile] ... [0m[32mok
[0mtest [0m[1mtests/ui/live/fail/upload_unknown_helper.rs[0m [should fail to compile] ... [0m[32mok
[0mtest [0m[1mtests/ui/live/fail/validation_selection_without_hook.rs[0m [should fail to compile] ... [0m[32mok
[0m

error: 1 target failed:
    `-p suprnova-live --test upload_file_provider`
