    Finished `test` profile [unoptimized + debuginfo] target(s) in 0.24s
────────────
 Nextest run ID 8e969761-e409-47ae-8ca0-0316fd5535d7 with nextest profile: default
    Starting 1 test across 1 binary (110 tests skipped)
        FAIL [   0.015s] (1/1) suprnova::live hardening::plain_logout_ends_delivery
  stdout ───

    running 1 test
    test hardening::plain_logout_ends_delivery ... FAILED

    failures:

    failures:
        hardening::plain_logout_ends_delivery

    test result: FAILED. 0 passed; 1 failed; 0 ignored; 0 measured; 110 filtered out; finished in 0.01s

  stderr ───

    thread 'hardening::plain_logout_ends_delivery' (2621136) panicked at framework/tests/live/hardening.rs:249:5:
    an event published after a plain logout reached the old stream
    note: run with `RUST_BACKTRACE=1` environment variable to display a backtrace

  Cancelling due to test failure: 
────────────
     Summary [   0.016s] 1 test run: 0 passed, 1 failed, 110 skipped
        FAIL [   0.015s] (1/1) suprnova::live hardening::plain_logout_ends_delivery
error: test run failed
