    Finished `test` profile [unoptimized + debuginfo] target(s) in 0.24s
────────────
 Nextest run ID cc9bf698-c1cb-4f32-8360-597945e5e509 with nextest profile: default
    Starting 1 test across 1 binary (109 tests skipped)
        FAIL [   0.011s] (1/1) suprnova::live hardening::stale_store_session_ends_delivery
  stdout ───

    running 1 test
    test hardening::stale_store_session_ends_delivery ... FAILED

    failures:

    failures:
        hardening::stale_store_session_ends_delivery

    test result: FAILED. 0 passed; 1 failed; 0 ignored; 0 measured; 109 filtered out; finished in 0.01s

  stderr ───

    thread 'hardening::stale_store_session_ends_delivery' (3468447) panicked at framework/tests/live/hardening.rs:246:9:
    an event published after the store dropped the session reached the stream
    note: run with `RUST_BACKTRACE=1` environment variable to display a backtrace

  Cancelling due to test failure: 
────────────
     Summary [   0.012s] 1 test run: 0 passed, 1 failed, 109 skipped
        FAIL [   0.011s] (1/1) suprnova::live hardening::stale_store_session_ends_delivery
error: test run failed
